<html>
<body>
<pre>
<h1>µVision Build Log</h1>
<h2>Tool Versions:</h2>
IDE-Version: ¦ÌVision V5.39.0.0
Copyright (C) 2023 ARM Ltd and ARM Germany GmbH. All rights reserved.
License Information: ìÏÏè Âí, Tencent', LIC=----
 
Tool Versions:
Toolchain:       MDK-Lite  Version: 5.39.0.0
Toolchain Path:  D:\keil-v5\ARM\ARMCLANG\Bin
C Compiler:      ArmClang.exe V6.21
Assembler:       Armasm.exe V6.21
Linker/Locator:  ArmLink.exe V6.21
Library Manager: ArmAr.exe V6.21
Hex Converter:   FromElf.exe V6.21
CPU DLL:         SARMCM3.DLL V5.39.0.0
Dialog DLL:      DCM.DLL V1.17.5.0
Target DLL:      CMSIS_AGDI.dll V1.33.16.0
Dialog DLL:      TCM.DLL V1.56.4.0
 
<h2>Project:</h2>
C:\Users\myx\Desktop\Project\P2\MDK-ARM\P2.uvprojx
Project File Date:  11/09/2024

<h2>Output:</h2>
*** Using Compiler 'V6.21', folder: 'D:\keil-v5\ARM\ARMCLANG\Bin'
Rebuild target 'P2'
assembling startup_stm32g431xx.s...
compiling gpio.c...
compiling i2c.c...
compiling 2402c.c...
../Core/Src/main.c(156): warning: passing 'uint8_t[20]' (aka 'unsigned char[20]') to parameter of type 'const char *' converts between pointers to integer types where one is of the unique plain 'char' type and the other is not [-Wpointer-sign]
  156 |                 if (strcmp(usartData,"ACK") == 0)
      |                            ^~~~~~~~~
D:\keil-v5\ARM\ARMCLANG\Bin\..\include\string.h(125): note: passing argument to parameter here
  125 | extern _ARMABI int strcmp(const char * /*s1*/, const char * /*s2*/) __attribute__((__nonnull__(1,2)));
      |                                              ^
1 warning generated.
compiling main.c...
compiling lcd.c...
compiling stm32g4xx_hal_msp.c...
compiling stm32g4xx_hal_adc_ex.c...
compiling tim.c...
compiling usart.c...
compiling stm32g4xx_it.c...
compiling stm32g4xx_hal_adc.c...
compiling stm32g4xx_ll_adc.c...
compiling adc.c...
compiling stm32g4xx_hal_flash_ramfunc.c...
compiling stm32g4xx_hal_flash_ex.c...
compiling stm32g4xx_hal.c...
compiling stm32g4xx_hal_rcc.c...
compiling stm32g4xx_hal_flash.c...
compiling stm32g4xx_hal_rcc_ex.c...
compiling stm32g4xx_hal_exti.c...
compiling stm32g4xx_hal_pwr_ex.c...
compiling stm32g4xx_hal_dma.c...
compiling stm32g4xx_hal_gpio.c...
compiling stm32g4xx_hal_dma_ex.c...
compiling stm32g4xx_hal_i2c.c...
compiling stm32g4xx_hal_pwr.c...
compiling stm32g4xx_hal_cortex.c...
compiling stm32g4xx_hal_tim_ex.c...
compiling stm32g4xx_hal_tim.c...
compiling system_stm32g4xx.c...
compiling stm32g4xx_hal_uart_ex.c...
compiling stm32g4xx_hal_uart.c...
compiling stm32g4xx_hal_i2c_ex.c...
linking...
Program Size: Code=18026 RO-data=642 RW-data=4576 ZI-data=2184  
FromELF: creating hex file...
"P2\P2.axf" - 0 Error(s), 1 Warning(s).

<h2>Software Packages used:</h2>

Package Vendor: ARM
                http://www.keil.com/pack/ARM.CMSIS.5.9.0.pack
                ARM::CMSIS@5.9.0
                CMSIS (Common Microcontroller Software Interface Standard)
   * Component: CORE Version: 5.6.0

Package Vendor: Keil
                https://www.keil.com/pack/Keil.STM32G4xx_DFP.1.6.0.pack
                Keil::STM32G4xx_DFP@1.6.0
                STMicroelectronics STM32G4 Series Device Support, Drivers and Examples

<h2>Collection of Component include folders:</h2>
  ./RTE/_P2
  D:/keil-pack/ARM/CMSIS/5.9.0/CMSIS/Core/Include
  D:/keil-pack/Keil/STM32G4xx_DFP/1.6.0/Drivers/CMSIS/Device/ST/STM32G4xx/Include

<h2>Collection of Component Files used:</h2>

   * Component: ARM::CMSIS:CORE@5.6.0
Build Time Elapsed:  00:00:21
</pre>
</body>
</html>
