Component: Arm Compiler for Embedded 6.21 Tool: armlink [5ec1fa00]

==============================================================================

Section Cross References

    startup_stm32g431xx.o(STACK) refers (Special) to heapauxi.o(.text) for __use_two_region_memory
    startup_stm32g431xx.o(HEAP) refers (Special) to heapauxi.o(.text) for __use_two_region_memory
    startup_stm32g431xx.o(RESET) refers (Special) to heapauxi.o(.text) for __use_two_region_memory
    startup_stm32g431xx.o(RESET) refers to startup_stm32g431xx.o(STACK) for __initial_sp
    startup_stm32g431xx.o(RESET) refers to startup_stm32g431xx.o(.text) for Reset_Handler
    startup_stm32g431xx.o(RESET) refers to stm32g4xx_it.o(.text.NMI_Handler) for NMI_Handler
    startup_stm32g431xx.o(RESET) refers to stm32g4xx_it.o(.text.HardFault_Handler) for HardFault_Handler
    startup_stm32g431xx.o(RESET) refers to stm32g4xx_it.o(.text.MemManage_Handler) for MemManage_Handler
    startup_stm32g431xx.o(RESET) refers to stm32g4xx_it.o(.text.BusFault_Handler) for BusFault_Handler
    startup_stm32g431xx.o(RESET) refers to stm32g4xx_it.o(.text.UsageFault_Handler) for UsageFault_Handler
    startup_stm32g431xx.o(RESET) refers to stm32g4xx_it.o(.text.SVC_Handler) for SVC_Handler
    startup_stm32g431xx.o(RESET) refers to stm32g4xx_it.o(.text.DebugMon_Handler) for DebugMon_Handler
    startup_stm32g431xx.o(RESET) refers to stm32g4xx_it.o(.text.PendSV_Handler) for PendSV_Handler
    startup_stm32g431xx.o(RESET) refers to stm32g4xx_it.o(.text.SysTick_Handler) for SysTick_Handler
    startup_stm32g431xx.o(RESET) refers to stm32g4xx_it.o(.text.USART1_IRQHandler) for USART1_IRQHandler
    startup_stm32g431xx.o(.text) refers (Special) to heapauxi.o(.text) for __use_two_region_memory
    startup_stm32g431xx.o(.text) refers to system_stm32g4xx.o(.text.SystemInit) for SystemInit
    startup_stm32g431xx.o(.text) refers to __main.o(!!!main) for __main
    startup_stm32g431xx.o(.text) refers to startup_stm32g431xx.o(HEAP) for Heap_Mem
    startup_stm32g431xx.o(.text) refers to startup_stm32g431xx.o(STACK) for Stack_Mem
    lcd.o(.text.lcdWriteRam) refers to stm32g4xx_hal_gpio.o(.text.HAL_GPIO_WritePin) for HAL_GPIO_WritePin
    lcd.o(.ARM.exidx.text.lcdWriteRam) refers to lcd.o(.text.lcdWriteRam) for [Anonymous Symbol]
    lcd.o(.text.lcdInit) refers to lcd.o(.text.lcdWriteValue) for lcdWriteValue
    lcd.o(.text.lcdInit) refers to stm32g4xx_hal.o(.text.HAL_Delay) for HAL_Delay
    lcd.o(.ARM.exidx.text.lcdInit) refers to lcd.o(.text.lcdInit) for [Anonymous Symbol]
    lcd.o(.text.lcdWriteValue) refers to stm32g4xx_hal_gpio.o(.text.HAL_GPIO_WritePin) for HAL_GPIO_WritePin
    lcd.o(.ARM.exidx.text.lcdWriteValue) refers to lcd.o(.text.lcdWriteValue) for [Anonymous Symbol]
    lcd.o(.text.lcdClearScreen) refers to lcd.o(.text.lcdWriteValue) for lcdWriteValue
    lcd.o(.text.lcdClearScreen) refers to stm32g4xx_hal_gpio.o(.text.HAL_GPIO_WritePin) for HAL_GPIO_WritePin
    lcd.o(.ARM.exidx.text.lcdClearScreen) refers to lcd.o(.text.lcdClearScreen) for [Anonymous Symbol]
    lcd.o(.text.lcdSetCursor) refers to lcd.o(.text.lcdWriteValue) for lcdWriteValue
    lcd.o(.ARM.exidx.text.lcdSetCursor) refers to lcd.o(.text.lcdSetCursor) for [Anonymous Symbol]
    lcd.o(.text.lcdWritePrepar) refers to stm32g4xx_hal_gpio.o(.text.HAL_GPIO_WritePin) for HAL_GPIO_WritePin
    lcd.o(.ARM.exidx.text.lcdWritePrepar) refers to lcd.o(.text.lcdWritePrepar) for [Anonymous Symbol]
    lcd.o(.text.lcdDisplayLine) refers to lcd.o(.data.ASCII_Table) for ASCII_Table
    lcd.o(.text.lcdDisplayLine) refers to lcd.o(.text.lcdDrawChar) for lcdDrawChar
    lcd.o(.ARM.exidx.text.lcdDisplayLine) refers to lcd.o(.text.lcdDisplayLine) for [Anonymous Symbol]
    lcd.o(.text.lcdDisplaychar) refers to lcd.o(.data.ASCII_Table) for ASCII_Table
    lcd.o(.text.lcdDisplaychar) refers to lcd.o(.text.lcdDrawChar) for lcdDrawChar
    lcd.o(.ARM.exidx.text.lcdDisplaychar) refers to lcd.o(.text.lcdDisplaychar) for [Anonymous Symbol]
    lcd.o(.text.lcdDrawChar) refers to lcd.o(.bss.backColor) for backColor
    lcd.o(.text.lcdDrawChar) refers to lcd.o(.data.textColor) for textColor
    lcd.o(.text.lcdDrawChar) refers to lcd.o(.text.lcdWriteValue) for lcdWriteValue
    lcd.o(.text.lcdDrawChar) refers to stm32g4xx_hal_gpio.o(.text.HAL_GPIO_WritePin) for HAL_GPIO_WritePin
    lcd.o(.ARM.exidx.text.lcdDrawChar) refers to lcd.o(.text.lcdDrawChar) for [Anonymous Symbol]
    2402c.o(.text.startI2c) refers to stm32g4xx_hal_gpio.o(.text.HAL_GPIO_WritePin) for HAL_GPIO_WritePin
    2402c.o(.text.startI2c) refers to stm32g4xx_hal.o(.text.HAL_Delay) for HAL_Delay
    2402c.o(.ARM.exidx.text.startI2c) refers to 2402c.o(.text.startI2c) for [Anonymous Symbol]
    2402c.o(.text.stopI2c) refers to stm32g4xx_hal_gpio.o(.text.HAL_GPIO_WritePin) for HAL_GPIO_WritePin
    2402c.o(.text.stopI2c) refers to stm32g4xx_hal.o(.text.HAL_Delay) for HAL_Delay
[...]
    ../clib/armsys.c                         0x00000000   Number         0  argv_veneer.o ABSOLUTE
    ../clib/armsys.c                         0x00000000   Number         0  argv_veneer.o ABSOLUTE
    ../clib/armsys.c                         0x00000000   Number         0  _get_argv_nomalloc.o ABSOLUTE
    ../clib/armsys.c                         0x00000000   Number         0  no_argv.o ABSOLUTE
    ../clib/heapalloc.c                      0x00000000   Number         0  hrguard.o ABSOLUTE
    ../clib/heapaux.c                        0x00000000   Number         0  heapauxi.o ABSOLUTE
    ../clib/libinit.s                        0x00000000   Number         0  libinit.o ABSOLUTE
    ../clib/libinit.s                        0x00000000   Number         0  libinit2.o ABSOLUTE
    ../clib/libinit.s                        0x00000000   Number         0  libshutdown.o ABSOLUTE
    ../clib/libinit.s                        0x00000000   Number         0  libshutdown2.o ABSOLUTE
    ../clib/longlong.s                       0x00000000   Number         0  lludivv7m.o ABSOLUTE
    ../clib/memcpset.s                       0x00000000   Number         0  rt_memclr_w.o ABSOLUTE
    ../clib/misc.s                           0x00000000   Number         0  printf_stubs.o ABSOLUTE
    ../clib/printf.c                         0x00000000   Number         0  __2sprintf.o ABSOLUTE
    ../clib/printf.c                         0x00000000   Number         0  noretval__2sprintf.o ABSOLUTE
    ../clib/printf.c                         0x00000000   Number         0  __printf.o ABSOLUTE
    ../clib/printf.c                         0x00000000   Number         0  _printf_pad.o ABSOLUTE
    ../clib/printf.c                         0x00000000   Number         0  _printf_str.o ABSOLUTE
    ../clib/printf.c                         0x00000000   Number         0  _printf_dec.o ABSOLUTE
    ../clib/printf.c                         0x00000000   Number         0  __printf_flags.o ABSOLUTE
    ../clib/printf.c                         0x00000000   Number         0  __printf_ss.o ABSOLUTE
    ../clib/printf.c                         0x00000000   Number         0  __printf_flags_ss.o ABSOLUTE
    ../clib/printf.c                         0x00000000   Number         0  __printf_wp.o ABSOLUTE
    ../clib/printf.c                         0x00000000   Number         0  __printf_flags_wp.o ABSOLUTE
    ../clib/printf.c                         0x00000000   Number         0  __printf_ss_wp.o ABSOLUTE
    ../clib/printf.c                         0x00000000   Number         0  __printf_flags_ss_wp.o ABSOLUTE
    ../clib/printf.c                         0x00000000   Number         0  _printf_intcommon.o ABSOLUTE
    ../clib/printf.c                         0x00000000   Number         0  _printf_char_common.o ABSOLUTE
    ../clib/printf.c                         0x00000000   Number         0  _sputc.o ABSOLUTE
    ../clib/printf.c                         0x00000000   Number         0  _printf_char.o ABSOLUTE
    ../clib/printf.c                         0x00000000   Number         0  __printf_nopercent.o ABSOLUTE
    ../clib/printf_percent.s                 0x00000000   Number         0  _printf_s.o ABSOLUTE
    ../clib/printf_percent.s                 0x00000000   Number         0  _printf_u.o ABSOLUTE
    ../clib/printf_percent.s                 0x00000000   Number         0  _printf_percent.o ABSOLUTE
    ../clib/printf_percent.s                 0x00000000   Number         0  _printf_percent_end.o ABSOLUTE
    ../clib/signal.c                         0x00000000   Number         0  defsig_fpe_outer.o ABSOLUTE
    ../clib/signal.c                         0x00000000   Number         0  defsig_fpe_formal.o ABSOLUTE
    ../clib/signal.c                         0x00000000   Number         0  defsig_exit.o ABSOLUTE
    ../clib/signal.c                         0x00000000   Number         0  defsig_fpe_inner.o ABSOLUTE
    ../clib/signal.c                         0x00000000   Number         0  __raise.o ABSOLUTE
    ../clib/signal.c                         0x00000000   Number         0  defsig_general.o ABSOLUTE
    ../clib/signal.c                         0x00000000   Number         0  defsig_abrt_inner.o ABSOLUTE
    ../clib/signal.c                         0x00000000   Number         0  defsig_rtred_inner.o ABSOLUTE
    ../clib/signal.c                         0x00000000   Number         0  defsig_rtmem_inner.o ABSOLUTE
    ../clib/signal.c                         0x00000000   Number         0  defsig_rtmem_outer.o ABSOLUTE
    ../clib/signal.c                         0x00000000   Number         0  defsig_rtmem_formal.o ABSOLUTE
    ../clib/signal.c                         0x00000000   Number         0  defsig_stak_inner.o ABSOLUTE
    ../clib/signal.c                         0x00000000   Number         0  defsig_pvfn_inner.o ABSOLUTE
    ../clib/signal.c                         0x00000000   Number         0  defsig_cppl_inner.o ABSOLUTE
    ../clib/signal.c                         0x00000000   Number         0  defsig_segv_inner.o ABSOLUTE
    ../clib/signal.c                         0x00000000   Number         0  defsig_other.o ABSOLUTE
    ../clib/signal.s                         0x00000000   Number         0  defsig.o ABSOLUTE
    ../clib/stdlib.c                         0x00000000   Number         0  exit.o ABSOLUTE
    ../fplib/fpinit.s                        0x00000000   Number         0  fpinit.o ABSOLUTE
    2402c.c                                  0x00000000   Number         0  2402c.o ABSOLUTE
    adc.c                                    0x00000000   Number         0  adc.o ABSOLUTE
    dc.s                                     0x00000000   Number         0  dc.o ABSOLUTE
    gpio.c                                   0x00000000   Number         0  gpio.o ABSOLUTE
    i2c.c                                    0x00000000   Number         0  i2c.o ABSOLUTE
    lcd.c                                    0x00000000   Number         0  lcd.o ABSOLUTE
    main.c                                   0x00000000   Number         0  main.o ABSOLUTE
    startup_stm32g431xx.s                    0x00000000   Number         0  startup_stm32g431xx.o ABSOLUTE
    stm32g4xx_hal.c                          0x00000000   Number         0  stm32g4xx_hal.o ABSOLUTE
    stm32g4xx_hal_adc.c                      0x00000000   Number         0  stm32g4xx_hal_adc.o ABSOLUTE
    stm32g4xx_hal_adc_ex.c                   0x00000000   Number         0  stm32g4xx_hal_adc_ex.o ABSOLUTE
    stm32g4xx_hal_cortex.c                   0x00000000   Number         0  stm32g4xx_hal_cortex.o ABSOLUTE
    stm32g4xx_hal_dma.c                      0x00000000   Number         0  stm32g4xx_hal_dma.o ABSOLUTE
    stm32g4xx_hal_dma_ex.c                   0x00000000   Number         0  stm32g4xx_hal_dma_ex.o ABSOLUTE
    stm32g4xx_hal_exti.c                     0x00000000   Number         0  stm32g4xx_hal_exti.o ABSOLUTE
    stm32g4xx_hal_flash.c                    0x00000000   Number         0  stm32g4xx_hal_flash.o ABSOLUTE
    stm32g4xx_hal_flash_ex.c                 0x00000000   Number         0  stm32g4xx_hal_flash_ex.o ABSOLUTE
    stm32g4xx_hal_flash_ramfunc.c            0x00000000   Number         0  stm32g4xx_hal_flash_ramfunc.o ABSOLUTE
    stm32g4xx_hal_gpio.c                     0x00000000   Number         0  stm32g4xx_hal_gpio.o ABSOLUTE
    stm32g4xx_hal_i2c.c                      0x00000000   Number         0  stm32g4xx_hal_i2c.o ABSOLUTE
    stm32g4xx_hal_i2c_ex.c                   0x00000000   Number         0  stm32g4xx_hal_i2c_ex.o ABSOLUTE
    stm32g4xx_hal_msp.c                      0x00000000   Number         0  stm32g4xx_hal_msp.o ABSOLUTE
    stm32g4xx_hal_pwr.c                      0x00000000   Number         0  stm32g4xx_hal_pwr.o ABSOLUTE
    stm32g4xx_hal_pwr_ex.c                   0x00000000   Number         0  stm32g4xx_hal_pwr_ex.o ABSOLUTE
    stm32g4xx_hal_rcc.c                      0x00000000   Number         0  stm32g4xx_hal_rcc.o ABSOLUTE
    stm32g4xx_hal_rcc_ex.c                   0x00000000   Number         0  stm32g4xx_hal_rcc_ex.o ABSOLUTE
    stm32g4xx_hal_tim.c                      0x00000000   Number         0  stm32g4xx_hal_tim.o ABSOLUTE
    stm32g4xx_hal_tim_ex.c                   0x00000000   Number         0  stm32g4xx_hal_tim_ex.o ABSOLUTE
    stm32g4xx_hal_uart.c                     0x00000000   Number         0  stm32g4xx_hal_uart.o ABSOLUTE
    stm32g4xx_hal_uart_ex.c                  0x00000000   Number         0  stm32g4xx_hal_uart_ex.o ABSOLUTE
    stm32g4xx_it.c                           0x00000000   Number         0  stm32g4xx_it.o ABSOLUTE
    stm32g4xx_ll_adc.c                       0x00000000   Number         0  stm32g4xx_ll_adc.o ABSOLUTE
    system_stm32g4xx.c                       0x00000000   Number         0  system_stm32g4xx.o ABSOLUTE
    tim.c                                    0x00000000   Number         0  tim.o ABSOLUTE
    usart.c                                  0x00000000   Number         0  usart.o ABSOLUTE
    RESET                                    0x08000000   Section      472  startup_stm32g431xx.o(RESET)
    !!!main                                  0x080001d8   Section        8  __main.o(!!!main)
    !!!scatter                               0x080001e0   Section       92  __scatter.o(!!!scatter)
    !!dclz77c                                0x0800023c   Section      100  __dclz77c.o(!!dclz77c)
    !!handler_null                           0x080002a0   Section        2  __scatter.o(!!handler_null)
    !!handler_zi                             0x080002a4   Section       28  __scatter_zi.o(!!handler_zi)
    .ARM.Collect$$_printf_percent$$00000000  0x080002c0   Section        0  _printf_percent.o(.ARM.Collect$$_printf_percent$$00000000)
    .ARM.Collect$$_printf_percent$$0000000A  0x080002c0   Section        6  _printf_u.o(.ARM.Collect$$_printf_percent$$0000000A)
    .ARM.Collect$$_printf_percent$$00000014  0x080002c6   Section        6  _printf_s.o(.ARM.Collect$$_printf_percent$$00000014)
    .ARM.Collect$$_printf_percent$$00000017  0x080002cc   Section        4  _printf_percent_end.o(.ARM.Collect$$_printf_percent$$00000017)
    .ARM.Collect$$libinit$$00000000          0x080002d0   Section        2  libinit.o(.ARM.Collect$$libinit$$00000000)
    .ARM.Collect$$libinit$$00000001          0x080002d2   Section        4  libinit2.o(.ARM.Collect$$libinit$$00000001)
    .ARM.Collect$$libinit$$00000004          0x080002d6   Section        0  libinit2.o(.ARM.Collect$$libinit$$00000004)
    .ARM.Collect$$libinit$$00000006          0x080002d6   Section        0  libinit2.o(.ARM.Collect$$libinit$$00000006)
    .ARM.Collect$$libinit$$0000000C          0x080002d6   Section        0  libinit2.o(.ARM.Collect$$libinit$$0000000C)
    .ARM.Collect$$libinit$$0000000E          0x080002d6   Section        0  libinit2.o(.ARM.Collect$$libinit$$0000000E)
    .ARM.Collect$$libinit$$00000010          0x080002d6   Section        0  libinit2.o(.ARM.Collect$$libinit$$00000010)
    .ARM.Collect$$libinit$$00000013          0x080002d6   Section        0  libinit2.o(.ARM.Collect$$libinit$$00000013)
    .ARM.Collect$$libinit$$00000015          0x080002d6   Section        0  libinit2.o(.ARM.Collect$$libinit$$00000015)
    .ARM.Collect$$libinit$$00000017          0x080002d6   Section        0  libinit2.o(.ARM.Collect$$libinit$$00000017)
    .ARM.Collect$$libinit$$00000019          0x080002d6   Section        0  libinit2.o(.ARM.Collect$$libinit$$00000019)
    .ARM.Collect$$libinit$$0000001B          0x080002d6   Section        0  libinit2.o(.ARM.Collect$$libinit$$0000001B)
    .ARM.Collect$$libinit$$0000001D          0x080002d6   Section        0  libinit2.o(.ARM.Collect$$libinit$$0000001D)
    .ARM.Collect$$libinit$$0000001F          0x080002d6   Section        0  libinit2.o(.ARM.Collect$$libinit$$0000001F)
    .ARM.Collect$$libinit$$00000021          0x080002d6   Section        0  libinit2.o(.ARM.Collect$$libinit$$00000021)
    .ARM.Collect$$libinit$$00000023          0x080002d6   Section        0  libinit2.o(.ARM.Collect$$libinit$$00000023)
    .ARM.Collect$$libinit$$00000025          0x080002d6   Section        0  libinit2.o(.ARM.Collect$$libinit$$00000025)
    .ARM.Collect$$libinit$$00000027          0x080002d6   Section        0  libinit2.o(.ARM.Collect$$libinit$$00000027)
    .ARM.Collect$$libinit$$0000002E          0x080002d6   Section        0  libinit2.o(.ARM.Collect$$libinit$$0000002E)
    .ARM.Collect$$libinit$$00000030          0x080002d6   Section        0  libinit2.o(.ARM.Collect$$libinit$$00000030)
    .ARM.Collect$$libinit$$00000032          0x080002d6   Section        0  libinit2.o(.ARM.Collect$$libinit$$00000032)
    .ARM.Collect$$libinit$$00000034          0x080002d6   Section        0  libinit2.o(.ARM.Collect$$libinit$$00000034)
    .ARM.Collect$$libinit$$00000035          0x080002d6   Section        2  libinit2.o(.ARM.Collect$$libinit$$00000035)
    .ARM.Collect$$libshutdown$$00000000      0x080002d8   Section        2  libshutdown.o(.ARM.Collect$$libshutdown$$00000000)
    .ARM.Collect$$libshutdown$$00000002      0x080002da   Section        0  libshutdown2.o(.ARM.Collect$$libshutdown$$00000002)
    .ARM.Collect$$libshutdown$$00000004      0x080002da   Section        0  libshutdown2.o(.ARM.Collect$$libshutdown$$00000004)
    .ARM.Collect$$libshutdown$$00000007      0x080002da   Section        0  libshutdown2.o(.ARM.Collect$$libshutdown$$00000007)
    .ARM.Collect$$libshutdown$$0000000A      0x080002da   Section        0  libshutdown2.o(.ARM.Collect$$libshutdown$$0000000A)
    .ARM.Collect$$libshutdown$$0000000C      0x080002da   Section        0  libshutdown2.o(.ARM.Collect$$libshutdown$$0000000C)
    .ARM.Collect$$libshutdown$$0000000F      0x080002da   Section        0  libshutdown2.o(.ARM.Collect$$libshutdown$$0000000F)
    .ARM.Collect$$libshutdown$$00000010      0x080002da   Section        2  libshutdown2.o(.ARM.Collect$$libshutdown$$00000010)
    .ARM.Collect$$rtentry$$00000000          0x080002dc   Section        0  __rtentry.o(.ARM.Collect$$rtentry$$00000000)
    .ARM.Collect$$rtentry$$00000002          0x080002dc   Section        0  __rtentry2.o(.ARM.Collect$$rtentry$$00000002)
    .ARM.Collect$$rtentry$$00000004          0x080002dc   Section        6  __rtentry4.o(.ARM.Collect$$rtentry$$00000004)
    .ARM.Collect$$rtentry$$00000009          0x080002e2   Section        0  __rtentry2.o(.ARM.Collect$$rtentry$$00000009)
    .ARM.Collect$$rtentry$$0000000A          0x080002e2   Section        4  __rtentry2.o(.ARM.Collect$$rtentry$$0000000A)
    .ARM.Collect$$rtentry$$0000000C          0x080002e6   Section        0  __rtentry2.o(.ARM.Collect$$rtentry$$0000000C)
    .ARM.Collect$$rtentry$$0000000D          0x080002e6   Section        8  __rtentry2.o(.ARM.Collect$$rtentry$$0000000D)
    .ARM.Collect$$rtexit$$00000000           0x080002ee   Section        2  rtexit.o(.ARM.Collect$$rtexit$$00000000)
    .ARM.Collect$$rtexit$$00000002           0x080002f0   Section        0  rtexit2.o(.ARM.Collect$$rtexit$$00000002)
    .ARM.Collect$$rtexit$$00000003           0x080002f0   Section        4  rtexit2.o(.ARM.Collect$$rtexit$$00000003)
    .ARM.Collect$$rtexit$$00000004           0x080002f4   Section        6  rtexit2.o(.ARM.Collect$$rtexit$$00000004)
    $v0                                      0x080002fc   Number         0  startup_stm32g431xx.o(.text)
    .text                                    0x080002fc   Section       64  startup_stm32g431xx.o(.text)
    .text                                    0x0800033c   Section      240  lludivv7m.o(.text)
    .text                                    0x0800042c   Section        0  noretval__2sprintf.o(.text)
    .text                                    0x08000454   Section        0  _printf_pad.o(.text)
    .text                                    0x080004a2   Section        0  _printf_str.o(.text)
    .text                                    0x080004f4   Section        0  _printf_dec.o(.text)
    .text                                    0x0800056c   Section        0  __printf_flags_wp.o(.text)
    .text                                    0x080006a4   Section       78  rt_memclr_w.o(.text)
    .text                                    0x080006f2   Section        0  heapauxi.o(.text)
    .text                                    0x080006f8   Section        0  _printf_intcommon.o(.text)
    _printf_input_char                       0x080007ad   Thumb Code    10  _printf_char_common.o(.text)
    .text                                    0x080007ac   Section        0  _printf_char_common.o(.text)
    .text                                    0x080007dc   Section        0  _sputc.o(.text)
    .text                                    0x080007e6   Section        0  _printf_char.o(.text)
    .text                                    0x08000812   Section       74  sys_stackheap_outer.o(.text)
    .text                                    0x0800085c   Section        0  exit.o(.text)
    .text                                    0x08000870   Section        8  libspace.o(.text)
    .text                                    0x08000878   Section        0  sys_exit.o(.text)
    .text                                    0x08000884   Section        2  use_no_semi.o(.text)
    .text                                    0x08000886   Section        0  indicate_semi.o(.text)
    [Anonymous Symbol]                       0x08000888   Section        0  stm32g4xx_hal_adc.o(.text.ADC_Disable)
    [Anonymous Symbol]                       0x08000904   Section        0  stm32g4xx_it.o(.text.BusFault_Handler)
    [Anonymous Symbol]                       0x08000908   Section        0  stm32g4xx_it.o(.text.DebugMon_Handler)
    [Anonymous Symbol]                       0x0800090c   Section        0  main.o(.text.Error_Handler)
    [Anonymous Symbol]                       0x08000918   Section        0  stm32g4xx_hal_adc_ex.o(.text.HAL_ADCEx_Calibration_Start)
    [Anonymous Symbol]                       0x080009ec   Section        0  stm32g4xx_hal_adc.o(.text.HAL_ADC_ConfigChannel)
    [Anonymous Symbol]                       0x08000d88   Section        0  stm32g4xx_hal_adc.o(.text.HAL_ADC_Init)
    [Anonymous Symbol]                       0x08000fc8   Section        0  adc.o(.text.HAL_ADC_MspInit)
    [Anonymous Symbol]                       0x08001054   Section        0  stm32g4xx_hal_dma.o(.text.HAL_DMA_Abort)
    [Anonymous Symbol]                       0x080010c4   Section        0  stm32g4xx_hal_dma.o(.text.HAL_DMA_Abort_IT)
    [Anonymous Symbol]                       0x08001144   Section        0  stm32g4xx_hal.o(.text.HAL_Delay)
    [Anonymous Symbol]                       0x0800116c   Section        0  stm32g4xx_hal_gpio.o(.text.HAL_GPIO_Init)
    [Anonymous Symbol]                       0x0800130c   Section        0  stm32g4xx_hal_gpio.o(.text.HAL_GPIO_ReadPin)
    [Anonymous Symbol]                       0x08001318   Section        0  stm32g4xx_hal_gpio.o(.text.HAL_GPIO_WritePin)
    [Anonymous Symbol]                       0x08001324   Section        0  stm32g4xx_hal.o(.text.HAL_GetTick)
    [Anonymous Symbol]                       0x08001330   Section        0  stm32g4xx_hal_i2c_ex.o(.text.HAL_I2CEx_ConfigAnalogFilter)
    [Anonymous Symbol]                       0x0800137c   Section        0  stm32g4xx_hal_i2c_ex.o(.text.HAL_I2CEx_ConfigDigitalFilter)
    [Anonymous Symbol]                       0x080013c4   Section        0  stm32g4xx_hal_i2c.o(.text.HAL_I2C_Init)
    [Anonymous Symbol]                       0x08001474   Section        0  i2c.o(.text.HAL_I2C_MspInit)
    [Anonymous Symbol]                       0x08001530   Section        0  stm32g4xx_hal.o(.text.HAL_IncTick)
    [Anonymous Symbol]                       0x0800154c   Section        0  stm32g4xx_hal.o(.text.HAL_Init)
    [Anonymous Symbol]                       0x0800156c   Section        0  stm32g4xx_hal.o(.text.HAL_InitTick)
    [Anonymous Symbol]                       0x080015b8   Section        0  stm32g4xx_hal_msp.o(.text.HAL_MspInit)
    [Anonymous Symbol]                       0x080015ec   Section        0  stm32g4xx_hal_cortex.o(.text.HAL_NVIC_EnableIRQ)
    [Anonymous Symbol]                       0x08001610   Section        0  stm32g4xx_hal_cortex.o(.text.HAL_NVIC_SetPriority)
    [Anonymous Symbol]                       0x08001668   Section        0  stm32g4xx_hal_cortex.o(.text.HAL_NVIC_SetPriorityGrouping)
    [Anonymous Symbol]                       0x08001688   Section        0  stm32g4xx_hal_pwr_ex.o(.text.HAL_PWREx_ControlVoltageScaling)
    [Anonymous Symbol]                       0x080017b0   Section        0  stm32g4xx_hal_pwr_ex.o(.text.HAL_PWREx_DisableUCPDDeadBattery)
    [Anonymous Symbol]                       0x080017c4   Section        0  stm32g4xx_hal_rcc_ex.o(.text.HAL_RCCEx_PeriphCLKConfig)
    [Anonymous Symbol]                       0x08001a30   Section        0  stm32g4xx_hal_rcc.o(.text.HAL_RCC_ClockConfig)
    [Anonymous Symbol]                       0x08001d3c   Section        0  stm32g4xx_hal_rcc.o(.text.HAL_RCC_GetPCLK1Freq)
    [Anonymous Symbol]                       0x08001d68   Section        0  stm32g4xx_hal_rcc.o(.text.HAL_RCC_GetPCLK2Freq)
    [Anonymous Symbol]                       0x08001d94   Section        0  stm32g4xx_hal_rcc.o(.text.HAL_RCC_GetSysClockFreq)
    [Anonymous Symbol]                       0x08001e18   Section        0  stm32g4xx_hal_rcc.o(.text.HAL_RCC_OscConfig)
    [Anonymous Symbol]                       0x080022ec   Section        0  stm32g4xx_hal_cortex.o(.text.HAL_SYSTICK_Config)
    [Anonymous Symbol]                       0x08002318   Section        0  stm32g4xx_hal_tim_ex.o(.text.HAL_TIMEx_ConfigBreakDeadTime)
    [Anonymous Symbol]                       0x080023e8   Section        0  stm32g4xx_hal_tim_ex.o(.text.HAL_TIMEx_MasterConfigSynchronization)
    [Anonymous Symbol]                       0x08002490   Section        0  stm32g4xx_hal_tim.o(.text.HAL_TIM_PWM_ConfigChannel)
    [Anonymous Symbol]                       0x0800286c   Section        0  stm32g4xx_hal_tim.o(.text.HAL_TIM_PWM_Init)
    [Anonymous Symbol]                       0x080028d0   Section        0  tim.o(.text.HAL_TIM_PWM_MspInit)
    [Anonymous Symbol]                       0x0800292c   Section        0  stm32g4xx_hal_uart_ex.o(.text.HAL_UARTEx_DisableFifoMode)
    [Anonymous Symbol]                       0x08002964   Section        0  stm32g4xx_hal_uart.o(.text.HAL_UARTEx_RxEventCallback)
    [Anonymous Symbol]                       0x08002968   Section        0  stm32g4xx_hal_uart_ex.o(.text.HAL_UARTEx_RxFifoFullCallback)
    [Anonymous Symbol]                       0x0800296c   Section        0  stm32g4xx_hal_uart_ex.o(.text.HAL_UARTEx_SetRxFifoThreshold)
    [Anonymous Symbol]                       0x080029fc   Section        0  stm32g4xx_hal_uart_ex.o(.text.HAL_UARTEx_SetTxFifoThreshold)
    [Anonymous Symbol]                       0x08002a8c   Section        0  stm32g4xx_hal_uart_ex.o(.text.HAL_UARTEx_TxFifoEmptyCallback)
    [Anonymous Symbol]                       0x08002a90   Section        0  stm32g4xx_hal_uart_ex.o(.text.HAL_UARTEx_WakeupCallback)
    [Anonymous Symbol]                       0x08002a94   Section        0  stm32g4xx_hal_uart.o(.text.HAL_UART_ErrorCallback)
    [Anonymous Symbol]                       0x08002a98   Section        0  stm32g4xx_hal_uart.o(.text.HAL_UART_IRQHandler)
    [Anonymous Symbol]                       0x080030cc   Section        0  stm32g4xx_hal_uart.o(.text.HAL_UART_Init)
    [Anonymous Symbol]                       0x08003130   Section        0  usart.o(.text.HAL_UART_MspInit)
    [Anonymous Symbol]                       0x080031c8   Section        0  stm32g4xx_hal_uart.o(.text.HAL_UART_Receive)
    [Anonymous Symbol]                       0x0800329c   Section        0  stm32g4xx_hal_uart.o(.text.HAL_UART_Transmit)
    [Anonymous Symbol]                       0x08003430   Section        0  stm32g4xx_hal_uart.o(.text.HAL_UART_TxCpltCallback)
    [Anonymous Symbol]                       0x08003434   Section        0  stm32g4xx_it.o(.text.HardFault_Handler)
    [Anonymous Symbol]                       0x08003438   Section        0  adc.o(.text.MX_ADC2_Init)
    [Anonymous Symbol]                       0x080034c8   Section        0  gpio.o(.text.MX_GPIO_Init)
    [Anonymous Symbol]                       0x080035f0   Section        0  i2c.o(.text.MX_I2C1_Init)
    [Anonymous Symbol]                       0x0800365c   Section        0  tim.o(.text.MX_TIM1_Init)
    [Anonymous Symbol]                       0x080037a0   Section        0  tim.o(.text.MX_TIM3_Init)
    [Anonymous Symbol]                       0x08003890   Section        0  usart.o(.text.MX_USART1_UART_Init)
    [Anonymous Symbol]                       0x0800391c   Section        0  stm32g4xx_it.o(.text.MemManage_Handler)
    [Anonymous Symbol]                       0x08003920   Section        0  stm32g4xx_it.o(.text.NMI_Handler)
    [Anonymous Symbol]                       0x08003924   Section        0  stm32g4xx_it.o(.text.PendSV_Handler)
    [Anonymous Symbol]                       0x08003928   Section        0  stm32g4xx_it.o(.text.SVC_Handler)
    [Anonymous Symbol]                       0x0800392c   Section        0  stm32g4xx_it.o(.text.SysTick_Handler)
    [Anonymous Symbol]                       0x08003944   Section        0  system_stm32g4xx.o(.text.SystemInit)
    [Anonymous Symbol]                       0x08003958   Section        0  stm32g4xx_hal_tim.o(.text.TIM_Base_SetConfig)
    [Anonymous Symbol]                       0x08003a7c   Section        0  stm32g4xx_hal_uart.o(.text.UART_AdvFeatureConfig)
    [Anonymous Symbol]                       0x08003b68   Section        0  stm32g4xx_hal_uart.o(.text.UART_CheckIdleState)
    UART_DMAAbortOnError                     0x08003cd9   Thumb Code    16  stm32g4xx_hal_uart.o(.text.UART_DMAAbortOnError)
    [Anonymous Symbol]                       0x08003cd8   Section        0  stm32g4xx_hal_uart.o(.text.UART_DMAAbortOnError)
    [Anonymous Symbol]                       0x08003ce8   Section        0  stm32g4xx_hal_uart.o(.text.UART_SetConfig)
    [Anonymous Symbol]                       0x08003f80   Section        0  stm32g4xx_hal_uart.o(.text.UART_WaitOnFlagUntilTimeout)
    [Anonymous Symbol]                       0x080042b8   Section        0  stm32g4xx_it.o(.text.USART1_IRQHandler)
    [Anonymous Symbol]                       0x080042c4   Section        0  stm32g4xx_it.o(.text.UsageFault_Handler)
    [Anonymous Symbol]                       0x080042c8   Section        0  lcd.o(.text.lcdClearScreen)
    [Anonymous Symbol]                       0x08004374   Section        0  lcd.o(.text.lcdDisplayLine)
    [Anonymous Symbol]                       0x080043c4   Section        0  lcd.o(.text.lcdDrawChar)
    [Anonymous Symbol]                       0x080044b8   Section        0  lcd.o(.text.lcdInit)
    [Anonymous Symbol]                       0x08004510   Section        0  lcd.o(.text.lcdWriteValue)
    [Anonymous Symbol]                       0x080045a8   Section        0  main.o(.text.main)
    [Anonymous Symbol]                       0x080047a0   Section        0  usart.o(.text.usartReceive)
    [Anonymous Symbol]                       0x080047bc   Section        0  usart.o(.text.usartSend)
    i._is_digit                              0x0800481a   Section        0  __printf_wp.o(i._is_digit)
    $v0                                      0x08004828   Number         0  fpinit.o(x$fpl$fpinit)
    x$fpl$fpinit                             0x08004828   Section       26  fpinit.o(x$fpl$fpinit)
    maptable                                 0x08004842   Data          17  __printf_flags_wp.o(.constdata)
    .constdata                               0x08004842   Section       17  __printf_flags_wp.o(.constdata)
    .Lswitch.table.UART_SetConfig.4          0x08004884   Data          16  stm32g4xx_hal_uart.o(.rodata.cst16)
    UARTEx_SetNbDataToProcess.numerator      0x08004894   Data           8  stm32g4xx_hal_uart_ex.o(.rodata.cst8)
    [Anonymous Symbol]                       0x08004894   Section        0  stm32g4xx_hal_uart_ex.o(.rodata.cst8)
    UARTEx_SetNbDataToProcess.denominator    0x0800489c   Data           8  stm32g4xx_hal_uart_ex.o(.rodata.cst8)
    [Anonymous Symbol]                       0x080048a4   Section        0  main.o(.rodata.str1.1)
    .L.str.2                                 0x080048a8   Data           7  main.o(.rodata.str1.1)
    .L.str                                   0x080048af   Data          12  main.o(.rodata.str1.1)
    .L.str.1                                 0x080048bb   Data          11  main.o(.rodata.str1.1)
    .L.str                                   0x080048c6   Data           5  usart.o(.rodata.str1.1)
    [Anonymous Symbol]                       0x080048c6   Section        0  usart.o(.rodata.str1.1)
    .L_MergedGlobals                         0x20000000   Data           8  stm32g4xx_hal.o(.data..L_MergedGlobals)
    [Anonymous Symbol]                       0x20000000   Section        0  stm32g4xx_hal.o(.data..L_MergedGlobals)
    .bss                                     0x200011e0   Section       96  libspace.o(.bss)
    .L_MergedGlobals                         0x20001240   Data          48  main.o(.bss..L_MergedGlobals)
    [Anonymous Symbol]                       0x20001240   Section        0  main.o(.bss..L_MergedGlobals)
    Heap_Mem                                 0x20001468   Data         512  startup_stm32g431xx.o(HEAP)
    HEAP                                     0x20001468   Section      512  startup_stm32g431xx.o(HEAP)
    Stack_Mem                                0x20001668   Data        1024  startup_stm32g431xx.o(STACK)
    STACK                                    0x20001668   Section     1024  startup_stm32g431xx.o(STACK)
    __initial_sp                             0x20001a68   Data           0  startup_stm32g431xx.o(STACK)

    Global Symbols

    Symbol Name                              Value     Ov Type        Size  Object(Section)

    BuildAttributes$$THM_ISAv4$E$P$D$K$B$S$7EM$VFPi3$EXTD16$VFPS$VFMA$PE$A:L22UL41UL21$X:L11$S22US41US21$IEEE1$IW$~IW$USESV6$~STKCKD$USESV7$~SHL$OTIME$ROPI$EBA8$UX$STANDARDLIB$REQ8$PRES8$EABIv2 0x00000000   Number         0  anon$$obj.o ABSOLUTE
    _printf_flags                            0x00000000   Number         0  printf_stubs.o ABSOLUTE
    _printf_return_value                     0x00000000   Number         0  printf_stubs.o ABSOLUTE
    _printf_sizespec                         0x00000000   Number         0  printf_stubs.o ABSOLUTE
    _printf_widthprec                        0x00000000   Number         0  printf_stubs.o ABSOLUTE
    __ARM_exceptions_init                     - Undefined Weak Reference
    __alloca_initialize                       - Undefined Weak Reference
    __arm_preinit_                            - Undefined Weak Reference
    __arm_relocate_pie_                       - Undefined Weak Reference
    __cpp_initialize__aeabi_                  - Undefined Weak Reference
    __cxa_finalize                            - Undefined Weak Reference
    __rt_locale                               - Undefined Weak Reference
    __sigvec_lookup                           - Undefined Weak Reference
    _atexit_init                              - Undefined Weak Reference
    _call_atexit_fns                          - Undefined Weak Reference
    _clock_init                               - Undefined Weak Reference
    _fp_trap_init                             - Undefined Weak Reference
    _fp_trap_shutdown                         - Undefined Weak Reference
    _get_lc_collate                           - Undefined Weak Reference
    _get_lc_ctype                             - Undefined Weak Reference
    _get_lc_monetary                          - Undefined Weak Reference
    _get_lc_numeric                           - Undefined Weak Reference
    _get_lc_time                              - Undefined Weak Reference
    _getenv_init                              - Undefined Weak Reference
    _handle_redirection                       - Undefined Weak Reference
    _init_alloc                               - Undefined Weak Reference
    _init_user_alloc                          - Undefined Weak Reference
    _initio                                   - Undefined Weak Reference
    _printf_mbtowc                            - Undefined Weak Reference
    _printf_truncate_signed                   - Undefined Weak Reference
    _printf_truncate_unsigned                 - Undefined Weak Reference
    _rand_init                                - Undefined Weak Reference
    _signal_finish                            - Undefined Weak Reference
    _signal_init                              - Undefined Weak Reference
    _terminate_alloc                          - Undefined Weak Reference
    _terminate_user_alloc                     - Undefined Weak Reference
    _terminateio                              - Undefined Weak Reference
    __Vectors_Size                           0x000001d8   Number         0  startup_stm32g431xx.o ABSOLUTE
    __Vectors                                0x08000000   Data           4  startup_stm32g431xx.o(RESET)
    __Vectors_End                            0x080001d8   Data           0  startup_stm32g431xx.o(RESET)
    __main                                   0x080001d9   Thumb Code     8  __main.o(!!!main)
    __scatterload                            0x080001e1   Thumb Code     0  __scatter.o(!!!scatter)
    __scatterload_rt2                        0x080001e1   Thumb Code    84  __scatter.o(!!!scatter)
    __scatterload_rt2_thumb_only             0x080001e1   Thumb Code     0  __scatter.o(!!!scatter)
    __scatterload_loop                       0x080001eb   Thumb Code     0  __scatter.o(!!!scatter)
    __decompress                             0x0800023d   Thumb Code   100  __dclz77c.o(!!dclz77c)
    __decompress2                            0x0800023d   Thumb Code     0  __dclz77c.o(!!dclz77c)
    __scatterload_null                       0x080002a1   Thumb Code     2  __scatter.o(!!handler_null)
    __scatterload_zeroinit                   0x080002a5   Thumb Code    28  __scatter_zi.o(!!handler_zi)
    _printf_percent                          0x080002c1   Thumb Code     0  _printf_percent.o(.ARM.Collect$$_printf_percent$$00000000)
    _printf_u                                0x080002c1   Thumb Code     0  _printf_u.o(.ARM.Collect$$_printf_percent$$0000000A)
    _printf_s                                0x080002c7   Thumb Code     0  _printf_s.o(.ARM.Collect$$_printf_percent$$00000014)
    _printf_percent_end                      0x080002cd   Thumb Code     0  _printf_percent_end.o(.ARM.Collect$$_printf_percent$$00000017)
    __rt_lib_init                            0x080002d1   Thumb Code     0  libinit.o(.ARM.Collect$$libinit$$00000000)
    __rt_lib_init_fp_1                       0x080002d3   Thumb Code     0  libinit2.o(.ARM.Collect$$libinit$$00000001)
    __rt_lib_init_alloca_1                   0x080002d7   Thumb Code     0  libinit2.o(.ARM.Collect$$libinit$$00000030)
    __rt_lib_init_argv_1                     0x080002d7   Thumb Code     0  libinit2.o(.ARM.Collect$$libinit$$0000002E)
    __rt_lib_init_atexit_1                   0x080002d7   Thumb Code     0  libinit2.o(.ARM.Collect$$libinit$$0000001D)
    __rt_lib_init_clock_1                    0x080002d7   Thumb Code     0  libinit2.o(.ARM.Collect$$libinit$$00000023)
    __rt_lib_init_cpp_1                      0x080002d7   Thumb Code     0  libinit2.o(.ARM.Collect$$libinit$$00000034)
    __rt_lib_init_exceptions_1               0x080002d7   Thumb Code     0  libinit2.o(.ARM.Collect$$libinit$$00000032)
    __rt_lib_init_fp_trap_1                  0x080002d7   Thumb Code     0  libinit2.o(.ARM.Collect$$libinit$$00000021)
    __rt_lib_init_getenv_1                   0x080002d7   Thumb Code     0  libinit2.o(.ARM.Collect$$libinit$$00000025)
    __rt_lib_init_heap_1                     0x080002d7   Thumb Code     0  libinit2.o(.ARM.Collect$$libinit$$0000000C)
    __rt_lib_init_lc_collate_1               0x080002d7   Thumb Code     0  libinit2.o(.ARM.Collect$$libinit$$00000013)
    __rt_lib_init_lc_ctype_1                 0x080002d7   Thumb Code     0  libinit2.o(.ARM.Collect$$libinit$$00000015)
    __rt_lib_init_lc_monetary_1              0x080002d7   Thumb Code     0  libinit2.o(.ARM.Collect$$libinit$$00000017)
    __rt_lib_init_lc_numeric_1               0x080002d7   Thumb Code     0  libinit2.o(.ARM.Collect$$libinit$$00000019)
    __rt_lib_init_lc_time_1                  0x080002d7   Thumb Code     0  libinit2.o(.ARM.Collect$$libinit$$0000001B)
    __rt_lib_init_preinit_1                  0x080002d7   Thumb Code     0  libinit2.o(.ARM.Collect$$libinit$$00000006)
    __rt_lib_init_rand_1                     0x080002d7   Thumb Code     0  libinit2.o(.ARM.Collect$$libinit$$00000010)
    __rt_lib_init_relocate_pie_1             0x080002d7   Thumb Code     0  libinit2.o(.ARM.Collect$$libinit$$00000004)
    __rt_lib_init_return                     0x080002d7   Thumb Code     0  libinit2.o(.ARM.Collect$$libinit$$00000035)
    __rt_lib_init_signal_1                   0x080002d7   Thumb Code     0  libinit2.o(.ARM.Collect$$libinit$$0000001F)
    __rt_lib_init_stdio_1                    0x080002d7   Thumb Code     0  libinit2.o(.ARM.Collect$$libinit$$00000027)
    __rt_lib_init_user_alloc_1               0x080002d7   Thumb Code     0  libinit2.o(.ARM.Collect$$libinit$$0000000E)
    __rt_lib_shutdown                        0x080002d9   Thumb Code     0  libshutdown.o(.ARM.Collect$$libshutdown$$00000000)
    __rt_lib_shutdown_cpp_1                  0x080002db   Thumb Code     0  libshutdown2.o(.ARM.Collect$$libshutdown$$00000002)
    __rt_lib_shutdown_fp_trap_1              0x080002db   Thumb Code     0  libshutdown2.o(.ARM.Collect$$libshutdown$$00000007)
    __rt_lib_shutdown_heap_1                 0x080002db   Thumb Code     0  libshutdown2.o(.ARM.Collect$$libshutdown$$0000000F)
    __rt_lib_shutdown_return                 0x080002db   Thumb Code     0  libshutdown2.o(.ARM.Collect$$libshutdown$$00000010)
    __rt_lib_shutdown_signal_1               0x080002db   Thumb Code     0  libshutdown2.o(.ARM.Collect$$libshutdown$$0000000A)
    __rt_lib_shutdown_stdio_1                0x080002db   Thumb Code     0  libshutdown2.o(.ARM.Collect$$libshutdown$$00000004)
    __rt_lib_shutdown_user_alloc_1           0x080002db   Thumb Code     0  libshutdown2.o(.ARM.Collect$$libshutdown$$0000000C)
    __rt_entry                               0x080002dd   Thumb Code     0  __rtentry.o(.ARM.Collect$$rtentry$$00000000)
    __rt_entry_presh_1                       0x080002dd   Thumb Code     0  __rtentry2.o(.ARM.Collect$$rtentry$$00000002)
    __rt_entry_sh                            0x080002dd   Thumb Code     0  __rtentry4.o(.ARM.Collect$$rtentry$$00000004)
    __rt_entry_li                            0x080002e3   Thumb Code     0  __rtentry2.o(.ARM.Collect$$rtentry$$0000000A)
    __rt_entry_postsh_1                      0x080002e3   Thumb Code     0  __rtentry2.o(.ARM.Collect$$rtentry$$00000009)
    __rt_entry_main                          0x080002e7   Thumb Code     0  __rtentry2.o(.ARM.Collect$$rtentry$$0000000D)
    __rt_entry_postli_1                      0x080002e7   Thumb Code     0  __rtentry2.o(.ARM.Collect$$rtentry$$0000000C)
    __rt_exit                                0x080002ef   Thumb Code     0  rtexit.o(.ARM.Collect$$rtexit$$00000000)
    __rt_exit_ls                             0x080002f1   Thumb Code     0  rtexit2.o(.ARM.Collect$$rtexit$$00000003)
    __rt_exit_prels_1                        0x080002f1   Thumb Code     0  rtexit2.o(.ARM.Collect$$rtexit$$00000002)
    __rt_exit_exit                           0x080002f5   Thumb Code     0  rtexit2.o(.ARM.Collect$$rtexit$$00000004)
    Reset_Handler                            0x080002fd   Thumb Code     8  startup_stm32g431xx.o(.text)
    ADC1_2_IRQHandler                        0x08000317   Thumb Code     0  startup_stm32g431xx.o(.text)
    COMP1_2_3_IRQHandler                     0x08000317   Thumb Code     0  startup_stm32g431xx.o(.text)
    COMP4_IRQHandler                         0x08000317   Thumb Code     0  startup_stm32g431xx.o(.text)
    CORDIC_IRQHandler                        0x08000317   Thumb Code     0  startup_stm32g431xx.o(.text)
    CRS_IRQHandler                           0x08000317   Thumb Code     0  startup_stm32g431xx.o(.text)
    DMA1_Channel1_IRQHandler                 0x08000317   Thumb Code     0  startup_stm32g431xx.o(.text)
    DMA1_Channel2_IRQHandler                 0x08000317   Thumb Code     0  startup_stm32g431xx.o(.text)
    DMA1_Channel3_IRQHandler                 0x08000317   Thumb Code     0  startup_stm32g431xx.o(.text)
    DMA1_Channel4_IRQHandler                 0x08000317   Thumb Code     0  startup_stm32g431xx.o(.text)
    DMA1_Channel5_IRQHandler                 0x08000317   Thumb Code     0  startup_stm32g431xx.o(.text)
    DMA1_Channel6_IRQHandler                 0x08000317   Thumb Code     0  startup_stm32g431xx.o(.text)
    DMA2_Channel1_IRQHandler                 0x08000317   Thumb Code     0  startup_stm32g431xx.o(.text)
    DMA2_Channel2_IRQHandler                 0x08000317   Thumb Code     0  startup_stm32g431xx.o(.text)
    DMA2_Channel3_IRQHandler                 0x08000317   Thumb Code     0  startup_stm32g431xx.o(.text)
    DMA2_Channel4_IRQHandler                 0x08000317   Thumb Code     0  startup_stm32g431xx.o(.text)
    DMA2_Channel5_IRQHandler                 0x08000317   Thumb Code     0  startup_stm32g431xx.o(.text)
    DMA2_Channel6_IRQHandler                 0x08000317   Thumb Code     0  startup_stm32g431xx.o(.text)
    DMAMUX_OVR_IRQHandler                    0x08000317   Thumb Code     0  startup_stm32g431xx.o(.text)
    EXTI0_IRQHandler                         0x08000317   Thumb Code     0  startup_stm32g431xx.o(.text)
    EXTI15_10_IRQHandler                     0x08000317   Thumb Code     0  startup_stm32g431xx.o(.text)
    EXTI1_IRQHandler                         0x08000317   Thumb Code     0  startup_stm32g431xx.o(.text)
    EXTI2_IRQHandler                         0x08000317   Thumb Code     0  startup_stm32g431xx.o(.text)
    EXTI3_IRQHandler                         0x08000317   Thumb Code     0  startup_stm32g431xx.o(.text)
    EXTI4_IRQHandler                         0x08000317   Thumb Code     0  startup_stm32g431xx.o(.text)
    EXTI9_5_IRQHandler                       0x08000317   Thumb Code     0  startup_stm32g431xx.o(.text)
    FDCAN1_IT0_IRQHandler                    0x08000317   Thumb Code     0  startup_stm32g431xx.o(.text)
    FDCAN1_IT1_IRQHandler                    0x08000317   Thumb Code     0  startup_stm32g431xx.o(.text)
    FLASH_IRQHandler                         0x08000317   Thumb Code     0  startup_stm32g431xx.o(.text)
    FMAC_IRQHandler                          0x08000317   Thumb Code     0  startup_stm32g431xx.o(.text)
    FPU_IRQHandler                           0x08000317   Thumb Code     0  startup_stm32g431xx.o(.text)
    I2C1_ER_IRQHandler                       0x08000317   Thumb Code     0  startup_stm32g431xx.o(.text)
    I2C1_EV_IRQHandler                       0x08000317   Thumb Code     0  startup_stm32g431xx.o(.text)
    I2C2_ER_IRQHandler                       0x08000317   Thumb Code     0  startup_stm32g431xx.o(.text)
    I2C2_EV_IRQHandler                       0x08000317   Thumb Code     0  startup_stm32g431xx.o(.text)
    I2C3_ER_IRQHandler                       0x08000317   Thumb Code     0  startup_stm32g431xx.o(.text)
    I2C3_EV_IRQHandler                       0x08000317   Thumb Code     0  startup_stm32g431xx.o(.text)
    LPTIM1_IRQHandler                        0x08000317   Thumb Code     0  startup_stm32g431xx.o(.text)
    LPUART1_IRQHandler                       0x08000317   Thumb Code     0  startup_stm32g431xx.o(.text)
    PVD_PVM_IRQHandler                       0x08000317   Thumb Code     0  startup_stm32g431xx.o(.text)
    RCC_IRQHandler                           0x08000317   Thumb Code     0  startup_stm32g431xx.o(.text)
    RNG_IRQHandler                           0x08000317   Thumb Code     0  startup_stm32g431xx.o(.text)
    RTC_Alarm_IRQHandler                     0x08000317   Thumb Code     0  startup_stm32g431xx.o(.text)
    RTC_TAMP_LSECSS_IRQHandler               0x08000317   Thumb Code     0  startup_stm32g431xx.o(.text)
    RTC_WKUP_IRQHandler                      0x08000317   Thumb Code     0  startup_stm32g431xx.o(.text)
    SAI1_IRQHandler                          0x08000317   Thumb Code     0  startup_stm32g431xx.o(.text)
    SPI1_IRQHandler                          0x08000317   Thumb Code     0  startup_stm32g431xx.o(.text)
    SPI2_IRQHandler                          0x08000317   Thumb Code     0  startup_stm32g431xx.o(.text)
    SPI3_IRQHandler                          0x08000317   Thumb Code     0  startup_stm32g431xx.o(.text)
    TIM1_BRK_TIM15_IRQHandler                0x08000317   Thumb Code     0  startup_stm32g431xx.o(.text)
    TIM1_CC_IRQHandler                       0x08000317   Thumb Code     0  startup_stm32g431xx.o(.text)
    TIM1_TRG_COM_TIM17_IRQHandler            0x08000317   Thumb Code     0  startup_stm32g431xx.o(.text)
    TIM1_UP_TIM16_IRQHandler                 0x08000317   Thumb Code     0  startup_stm32g431xx.o(.text)
    TIM2_IRQHandler                          0x08000317   Thumb Code     0  startup_stm32g431xx.o(.text)
    TIM3_IRQHandler                          0x08000317   Thumb Code     0  startup_stm32g431xx.o(.text)
    TIM4_IRQHandler                          0x08000317   Thumb Code     0  startup_stm32g431xx.o(.text)
    TIM6_DAC_IRQHandler                      0x08000317   Thumb Code     0  startup_stm32g431xx.o(.text)
    TIM7_IRQHandler                          0x08000317   Thumb Code     0  startup_stm32g431xx.o(.text)
    TIM8_BRK_IRQHandler                      0x08000317   Thumb Code     0  startup_stm32g431xx.o(.text)
    TIM8_CC_IRQHandler                       0x08000317   Thumb Code     0  startup_stm32g431xx.o(.text)
    TIM8_TRG_COM_IRQHandler                  0x08000317   Thumb Code     0  startup_stm32g431xx.o(.text)
    TIM8_UP_IRQHandler                       0x08000317   Thumb Code     0  startup_stm32g431xx.o(.text)
    UART4_IRQHandler                         0x08000317   Thumb Code     0  startup_stm32g431xx.o(.text)
    UCPD1_IRQHandler                         0x08000317   Thumb Code     0  startup_stm32g431xx.o(.text)
    USART2_IRQHandler                        0x08000317   Thumb Code     0  startup_stm32g431xx.o(.text)
    USART3_IRQHandler                        0x08000317   Thumb Code     0  startup_stm32g431xx.o(.text)
    USBWakeUp_IRQHandler                     0x08000317   Thumb Code     0  startup_stm32g431xx.o(.text)
    USB_HP_IRQHandler                        0x08000317   Thumb Code     0  startup_stm32g431xx.o(.text)
    USB_LP_IRQHandler                        0x08000317   Thumb Code     0  startup_stm32g431xx.o(.text)
    WWDG_IRQHandler                          0x08000317   Thumb Code     0  startup_stm32g431xx.o(.text)
    __user_initial_stackheap                 0x08000319   Thumb Code     0  startup_stm32g431xx.o(.text)
    __aeabi_uldivmod                         0x0800033d   Thumb Code     0  lludivv7m.o(.text)
    _ll_udiv                                 0x0800033d   Thumb Code   240  lludivv7m.o(.text)
    __2sprintf                               0x0800042d   Thumb Code    34  noretval__2sprintf.o(.text)
    _printf_pre_padding                      0x08000455   Thumb Code    44  _printf_pad.o(.text)
    _printf_post_padding                     0x08000481   Thumb Code    34  _printf_pad.o(.text)
    _printf_str                              0x080004a3   Thumb Code    82  _printf_str.o(.text)
    _printf_int_dec                          0x080004f5   Thumb Code   104  _printf_dec.o(.text)
    __printf                                 0x0800056d   Thumb Code   308  __printf_flags_wp.o(.text)
    __aeabi_memclr4                          0x080006a5   Thumb Code     0  rt_memclr_w.o(.text)
    __aeabi_memclr8                          0x080006a5   Thumb Code     0  rt_memclr_w.o(.text)
    __rt_memclr_w                            0x080006a5   Thumb Code     0  rt_memclr_w.o(.text)
    _memset_w                                0x080006a9   Thumb Code    74  rt_memclr_w.o(.text)
    __use_two_region_memory                  0x080006f3   Thumb Code     2  heapauxi.o(.text)
    __rt_heap_escrow$2region                 0x080006f5   Thumb Code     2  heapauxi.o(.text)
    __rt_heap_expand$2region                 0x080006f7   Thumb Code     2  heapauxi.o(.text)
    _printf_int_common                       0x080006f9   Thumb Code   178  _printf_intcommon.o(.text)
    _printf_char_common                      0x080007b7   Thumb Code    32  _printf_char_common.o(.text)
    _sputc                                   0x080007dd   Thumb Code    10  _sputc.o(.text)
    _printf_cs_common                        0x080007e7   Thumb Code    20  _printf_char.o(.text)
    _printf_char                             0x080007fb   Thumb Code    16  _printf_char.o(.text)
    _printf_string                           0x0800080b   Thumb Code     8  _printf_char.o(.text)
    __user_setup_stackheap                   0x08000813   Thumb Code    74  sys_stackheap_outer.o(.text)
    exit                                     0x0800085d   Thumb Code    18  exit.o(.text)
    __user_libspace                          0x08000871   Thumb Code     8  libspace.o(.text)
    __user_perproc_libspace                  0x08000871   Thumb Code     0  libspace.o(.text)
    __user_perthread_libspace                0x08000871   Thumb Code     0  libspace.o(.text)
    _sys_exit                                0x08000879   Thumb Code     8  sys_exit.o(.text)
    __I$use$semihosting                      0x08000885   Thumb Code     0  use_no_semi.o(.text)
    __use_no_semihosting_swi                 0x08000885   Thumb Code     2  use_no_semi.o(.text)
    __semihosting_library_function           0x08000887   Thumb Code     0  indicate_semi.o(.text)
    ADC_Disable                              0x08000889   Thumb Code   124  stm32g4xx_hal_adc.o(.text.ADC_Disable)
    BusFault_Handler                         0x08000905   Thumb Code     2  stm32g4xx_it.o(.text.BusFault_Handler)
    DebugMon_Handler                         0x08000909   Thumb Code     2  stm32g4xx_it.o(.text.DebugMon_Handler)
    Error_Handler                            0x0800090d   Thumb Code    10  main.o(.text.Error_Handler)
    HAL_ADCEx_Calibration_Start              0x08000919   Thumb Code   212  stm32g4xx_hal_adc_ex.o(.text.HAL_ADCEx_Calibration_Start)
    HAL_ADC_ConfigChannel                    0x080009ed   Thumb Code   922  stm32g4xx_hal_adc.o(.text.HAL_ADC_ConfigChannel)
    HAL_ADC_Init                             0x08000d89   Thumb Code   576  stm32g4xx_hal_adc.o(.text.HAL_ADC_Init)
    HAL_ADC_MspInit                          0x08000fc9   Thumb Code   138  adc.o(.text.HAL_ADC_MspInit)
    HAL_DMA_Abort                            0x08001055   Thumb Code   112  stm32g4xx_hal_dma.o(.text.HAL_DMA_Abort)
    HAL_DMA_Abort_IT                         0x080010c5   Thumb Code   128  stm32g4xx_hal_dma.o(.text.HAL_DMA_Abort_IT)
    HAL_Delay                                0x08001145   Thumb Code    40  stm32g4xx_hal.o(.text.HAL_Delay)
    HAL_GPIO_Init                            0x0800116d   Thumb Code   414  stm32g4xx_hal_gpio.o(.text.HAL_GPIO_Init)
    HAL_GPIO_ReadPin                         0x0800130d   Thumb Code    10  stm32g4xx_hal_gpio.o(.text.HAL_GPIO_ReadPin)
    HAL_GPIO_WritePin                        0x08001319   Thumb Code    12  stm32g4xx_hal_gpio.o(.text.HAL_GPIO_WritePin)
    HAL_GetTick                              0x08001325   Thumb Code    12  stm32g4xx_hal.o(.text.HAL_GetTick)
    HAL_I2CEx_ConfigAnalogFilter             0x08001331   Thumb Code    74  stm32g4xx_hal_i2c_ex.o(.text.HAL_I2CEx_ConfigAnalogFilter)
    HAL_I2CEx_ConfigDigitalFilter            0x0800137d   Thumb Code    72  stm32g4xx_hal_i2c_ex.o(.text.HAL_I2CEx_ConfigDigitalFilter)
    HAL_I2C_Init                             0x080013c5   Thumb Code   174  stm32g4xx_hal_i2c.o(.text.HAL_I2C_Init)
    HAL_I2C_MspInit                          0x08001475   Thumb Code   186  i2c.o(.text.HAL_I2C_MspInit)
    HAL_IncTick                              0x08001531   Thumb Code    26  stm32g4xx_hal.o(.text.HAL_IncTick)
    HAL_Init                                 0x0800154d   Thumb Code    30  stm32g4xx_hal.o(.text.HAL_Init)
    HAL_InitTick                             0x0800156d   Thumb Code    76  stm32g4xx_hal.o(.text.HAL_InitTick)
    HAL_MspInit                              0x080015b9   Thumb Code    52  stm32g4xx_hal_msp.o(.text.HAL_MspInit)
    HAL_NVIC_EnableIRQ                       0x080015ed   Thumb Code    34  stm32g4xx_hal_cortex.o(.text.HAL_NVIC_EnableIRQ)
    HAL_NVIC_SetPriority                     0x08001611   Thumb Code    86  stm32g4xx_hal_cortex.o(.text.HAL_NVIC_SetPriority)
    HAL_NVIC_SetPriorityGrouping             0x08001669   Thumb Code    32  stm32g4xx_hal_cortex.o(.text.HAL_NVIC_SetPriorityGrouping)
    HAL_PWREx_ControlVoltageScaling          0x08001689   Thumb Code   294  stm32g4xx_hal_pwr_ex.o(.text.HAL_PWREx_ControlVoltageScaling)
    HAL_PWREx_DisableUCPDDeadBattery         0x080017b1   Thumb Code    18  stm32g4xx_hal_pwr_ex.o(.text.HAL_PWREx_DisableUCPDDeadBattery)
    HAL_RCCEx_PeriphCLKConfig                0x080017c5   Thumb Code   618  stm32g4xx_hal_rcc_ex.o(.text.HAL_RCCEx_PeriphCLKConfig)
    HAL_RCC_ClockConfig                      0x08001a31   Thumb Code   780  stm32g4xx_hal_rcc.o(.text.HAL_RCC_ClockConfig)
    HAL_RCC_GetPCLK1Freq                     0x08001d3d   Thumb Code    42  stm32g4xx_hal_rcc.o(.text.HAL_RCC_GetPCLK1Freq)
    HAL_RCC_GetPCLK2Freq                     0x08001d69   Thumb Code    42  stm32g4xx_hal_rcc.o(.text.HAL_RCC_GetPCLK2Freq)
    HAL_RCC_GetSysClockFreq                  0x08001d95   Thumb Code   130  stm32g4xx_hal_rcc.o(.text.HAL_RCC_GetSysClockFreq)
    HAL_RCC_OscConfig                        0x08001e19   Thumb Code  1234  stm32g4xx_hal_rcc.o(.text.HAL_RCC_OscConfig)
    HAL_SYSTICK_Config                       0x080022ed   Thumb Code    44  stm32g4xx_hal_cortex.o(.text.HAL_SYSTICK_Config)
    HAL_TIMEx_ConfigBreakDeadTime            0x08002319   Thumb Code   206  stm32g4xx_hal_tim_ex.o(.text.HAL_TIMEx_ConfigBreakDeadTime)
    HAL_TIMEx_MasterConfigSynchronization    0x080023e9   Thumb Code   166  stm32g4xx_hal_tim_ex.o(.text.HAL_TIMEx_MasterConfigSynchronization)
    HAL_TIM_PWM_ConfigChannel                0x08002491   Thumb Code   986  stm32g4xx_hal_tim.o(.text.HAL_TIM_PWM_ConfigChannel)
    HAL_TIM_PWM_Init                         0x0800286d   Thumb Code    98  stm32g4xx_hal_tim.o(.text.HAL_TIM_PWM_Init)
    HAL_TIM_PWM_MspInit                      0x080028d1   Thumb Code    90  tim.o(.text.HAL_TIM_PWM_MspInit)
    HAL_UARTEx_DisableFifoMode               0x0800292d   Thumb Code    54  stm32g4xx_hal_uart_ex.o(.text.HAL_UARTEx_DisableFifoMode)
    HAL_UARTEx_RxEventCallback               0x08002965   Thumb Code     2  stm32g4xx_hal_uart.o(.text.HAL_UARTEx_RxEventCallback)
    HAL_UARTEx_RxFifoFullCallback            0x08002969   Thumb Code     2  stm32g4xx_hal_uart_ex.o(.text.HAL_UARTEx_RxFifoFullCallback)
    HAL_UARTEx_SetRxFifoThreshold            0x0800296d   Thumb Code   144  stm32g4xx_hal_uart_ex.o(.text.HAL_UARTEx_SetRxFifoThreshold)
    HAL_UARTEx_SetTxFifoThreshold            0x080029fd   Thumb Code   144  stm32g4xx_hal_uart_ex.o(.text.HAL_UARTEx_SetTxFifoThreshold)
    HAL_UARTEx_TxFifoEmptyCallback           0x08002a8d   Thumb Code     2  stm32g4xx_hal_uart_ex.o(.text.HAL_UARTEx_TxFifoEmptyCallback)
    HAL_UARTEx_WakeupCallback                0x08002a91   Thumb Code     2  stm32g4xx_hal_uart_ex.o(.text.HAL_UARTEx_WakeupCallback)
    HAL_UART_ErrorCallback                   0x08002a95   Thumb Code     2  stm32g4xx_hal_uart.o(.text.HAL_UART_ErrorCallback)
    HAL_UART_IRQHandler                      0x08002a99   Thumb Code  1588  stm32g4xx_hal_uart.o(.text.HAL_UART_IRQHandler)
    HAL_UART_Init                            0x080030cd   Thumb Code   100  stm32g4xx_hal_uart.o(.text.HAL_UART_Init)
    HAL_UART_MspInit                         0x08003131   Thumb Code   150  usart.o(.text.HAL_UART_MspInit)
    HAL_UART_Receive                         0x080031c9   Thumb Code   210  stm32g4xx_hal_uart.o(.text.HAL_UART_Receive)
    HAL_UART_Transmit                        0x0800329d   Thumb Code   404  stm32g4xx_hal_uart.o(.text.HAL_UART_Transmit)
    HAL_UART_TxCpltCallback                  0x08003431   Thumb Code     2  stm32g4xx_hal_uart.o(.text.HAL_UART_TxCpltCallback)
    HardFault_Handler                        0x08003435   Thumb Code     2  stm32g4xx_it.o(.text.HardFault_Handler)
    MX_ADC2_Init                             0x08003439   Thumb Code   144  adc.o(.text.MX_ADC2_Init)
    MX_GPIO_Init                             0x080034c9   Thumb Code   296  gpio.o(.text.MX_GPIO_Init)
    MX_I2C1_Init                             0x080035f1   Thumb Code   108  i2c.o(.text.MX_I2C1_Init)
    MX_TIM1_Init                             0x0800365d   Thumb Code   322  tim.o(.text.MX_TIM1_Init)
    MX_TIM3_Init                             0x080037a1   Thumb Code   238  tim.o(.text.MX_TIM3_Init)
    MX_USART1_UART_Init                      0x08003891   Thumb Code   138  usart.o(.text.MX_USART1_UART_Init)
    MemManage_Handler                        0x0800391d   Thumb Code     2  stm32g4xx_it.o(.text.MemManage_Handler)
    NMI_Handler                              0x08003921   Thumb Code     2  stm32g4xx_it.o(.text.NMI_Handler)
    PendSV_Handler                           0x08003925   Thumb Code     2  stm32g4xx_it.o(.text.PendSV_Handler)
    SVC_Handler                              0x08003929   Thumb Code     2  stm32g4xx_it.o(.text.SVC_Handler)
    SysTick_Handler                          0x0800392d   Thumb Code    22  stm32g4xx_it.o(.text.SysTick_Handler)
    SystemInit                               0x08003945   Thumb Code    18  system_stm32g4xx.o(.text.SystemInit)
    TIM_Base_SetConfig                       0x08003959   Thumb Code   290  stm32g4xx_hal_tim.o(.text.TIM_Base_SetConfig)
    UART_AdvFeatureConfig                    0x08003a7d   Thumb Code   234  stm32g4xx_hal_uart.o(.text.UART_AdvFeatureConfig)
    UART_CheckIdleState                      0x08003b69   Thumb Code   366  stm32g4xx_hal_uart.o(.text.UART_CheckIdleState)
    UART_SetConfig                           0x08003ce9   Thumb Code   648  stm32g4xx_hal_uart.o(.text.UART_SetConfig)
    UART_WaitOnFlagUntilTimeout              0x08003f81   Thumb Code   822  stm32g4xx_hal_uart.o(.text.UART_WaitOnFlagUntilTimeout)
    USART1_IRQHandler                        0x080042b9   Thumb Code    12  stm32g4xx_it.o(.text.USART1_IRQHandler)
    UsageFault_Handler                       0x080042c5   Thumb Code     2  stm32g4xx_it.o(.text.UsageFault_Handler)
    lcdClearScreen                           0x080042c9   Thumb Code   172  lcd.o(.text.lcdClearScreen)
    lcdDisplayLine                           0x08004375   Thumb Code    80  lcd.o(.text.lcdDisplayLine)
    lcdDrawChar                              0x080043c5   Thumb Code   242  lcd.o(.text.lcdDrawChar)
    lcdInit                                  0x080044b9   Thumb Code    86  lcd.o(.text.lcdInit)
    lcdWriteValue                            0x08004511   Thumb Code   150  lcd.o(.text.lcdWriteValue)
    main                                     0x080045a9   Thumb Code   502  main.o(.text.main)
    usartReceive                             0x080047a1   Thumb Code    28  usart.o(.text.usartReceive)
    usartSend                                0x080047bd   Thumb Code    94  usart.o(.text.usartSend)
    _is_digit                                0x0800481b   Thumb Code    14  __printf_wp.o(i._is_digit)
    _fp_init                                 0x08004829   Thumb Code    26  fpinit.o(x$fpl$fpinit)
    __fplib_config_fpu_vfp                   0x08004841   Thumb Code     0  fpinit.o(x$fpl$fpinit)
    __fplib_config_pureend_doubles           0x08004841   Thumb Code     0  fpinit.o(x$fpl$fpinit)
    AHBPrescTable                            0x08004853   Data          16  system_stm32g4xx.o(.rodata.AHBPrescTable)
    APBPrescTable                            0x08004863   Data           8  system_stm32g4xx.o(.rodata.APBPrescTable)
    UARTPrescTable                           0x0800486c   Data          24  stm32g4xx_hal_uart.o(.rodata.UARTPrescTable)
    Region$$Table$$Base                      0x080048cc   Number         0  anon$$obj.o(Region$$Table)
    Region$$Table$$Limit                     0x080048ec   Number         0  anon$$obj.o(Region$$Table)
    uwTickPrio                               0x20000000   Data           4  stm32g4xx_hal.o(.data..L_MergedGlobals)
    uwTickFreq                               0x20000004   Data           4  stm32g4xx_hal.o(.data..L_MergedGlobals)
    ASCII_Table                              0x20000008   Data        4560  lcd.o(.data.ASCII_Table)
    SystemCoreClock                          0x200011d8   Data           4  system_stm32g4xx.o(.data.SystemCoreClock)
    textColor                                0x200011dc   Data           2  lcd.o(.data.textColor)
    __libspace_start                         0x200011e0   Data          96  libspace.o(.bss)
    __temporary_stack_top$libspace           0x20001240   Data           0  libspace.o(.bss)
    button                                   0x20001240   Data           1  main.o(.bss..L_MergedGlobals)
    lcdMs                                    0x20001241   Data           1  main.o(.bss..L_MergedGlobals)
    romReadBuffer                            0x20001242   Data           1  main.o(.bss..L_MergedGlobals)
    test                                     0x20001243   Data           1  main.o(.bss..L_MergedGlobals)
    usartBuffer                              0x20001244   Data           1  main.o(.bss..L_MergedGlobals)
    usartDataNum                             0x20001245   Data           1  main.o(.bss..L_MergedGlobals)
    romWriteBuffer                           0x20001246   Data           1  main.o(.bss..L_MergedGlobals)
    usartData                                0x20001247   Data          20  main.o(.bss..L_MergedGlobals)
    lcdBuffer                                0x2000125b   Data          21  main.o(.bss..L_MergedGlobals)
    backColor                                0x20001270   Data           2  lcd.o(.bss.backColor)
    hadc2                                    0x20001274   Data         108  adc.o(.bss.hadc2)
    hi2c1                                    0x200012e0   Data          84  i2c.o(.bss.hi2c1)
    htim1                                    0x20001334   Data          76  tim.o(.bss.htim1)
    htim3                                    0x20001380   Data          76  tim.o(.bss.htim3)
    huart1                                   0x200013cc   Data         148  usart.o(.bss.huart1)
    uwTick                                   0x20001460   Data           4  stm32g4xx_hal.o(.bss.uwTick)



==============================================================================

Memory Map of the image

  Image Entry point : 0x080001d9

  Load Region LR_IROM1 (Base: 0x08000000, Size: 0x00005ad0, Max: 0x00020000, ABSOLUTE, COMPRESSED[0x00004f78])

    Execution Region ER_IROM1 (Exec base: 0x08000000, Load base: 0x08000000, Size: 0x000048ec, Max: 0x00020000, ABSOLUTE)

    Exec Addr    Load Addr    Size         Type   Attr      Idx    E Section Name        Object

    0x08000000   0x08000000   0x000001d8   Data   RO            3    RESET               startup_stm32g431xx.o
    0x080001d8   0x080001d8   0x00000008   Code   RO         1650  * !!!main             c_w.l(__main.o)
    0x080001e0   0x080001e0   0x0000005c   Code   RO         1838    !!!scatter          c_w.l(__scatter.o)
    0x0800023c   0x0800023c   0x00000064   Code   RO         1836    !!dclz77c           c_w.l(__dclz77c.o)
    0x080002a0   0x080002a0   0x00000002   Code   RO         1839    !!handler_null      c_w.l(__scatter.o)
    0x080002a2   0x080002a2   0x00000002   PAD
    0x080002a4   0x080002a4   0x0000001c   Code   RO         1842    !!handler_zi        c_w.l(__scatter_zi.o)
    0x080002c0   0x080002c0   0x00000000   Code   RO         1645    .ARM.Collect$$_printf_percent$$00000000  c_w.l(_printf_percent.o)
    0x080002c0   0x080002c0   0x00000006   Code   RO         1644    .ARM.Collect$$_printf_percent$$0000000A  c_w.l(_printf_u.o)
    0x080002c6   0x080002c6   0x00000006   Code   RO         1643    .ARM.Collect$$_printf_percent$$00000014  c_w.l(_printf_s.o)
    0x080002cc   0x080002cc   0x00000004   Code   RO         1665    .ARM.Collect$$_printf_percent$$00000017  c_w.l(_printf_percent_end.o)
    0x080002d0   0x080002d0   0x00000002   Code   RO         1698    .ARM.Collect$$libinit$$00000000  c_w.l(libinit.o)
    0x080002d2   0x080002d2   0x00000004   Code   RO         1710    .ARM.Collect$$libinit$$00000001  c_w.l(libinit2.o)
    0x080002d6   0x080002d6   0x00000000   Code   RO         1713    .ARM.Collect$$libinit$$00000004  c_w.l(libinit2.o)
    0x080002d6   0x080002d6   0x00000000   Code   RO         1715    .ARM.Collect$$libinit$$00000006  c_w.l(libinit2.o)
    0x080002d6   0x080002d6   0x00000000   Code   RO         1718    .ARM.Collect$$libinit$$0000000C  c_w.l(libinit2.o)
    0x080002d6   0x080002d6   0x00000000   Code   RO         1720    .ARM.Collect$$libinit$$0000000E  c_w.l(libinit2.o)
    0x080002d6   0x080002d6   0x00000000   Code   RO         1722    .ARM.Collect$$libinit$$00000010  c_w.l(libinit2.o)
    0x080002d6   0x080002d6   0x00000000   Code   RO         1725    .ARM.Collect$$libinit$$00000013  c_w.l(libinit2.o)
    0x080002d6   0x080002d6   0x00000000   Code   RO         1727    .ARM.Collect$$libinit$$00000015  c_w.l(libinit2.o)
    0x080002d6   0x080002d6   0x00000000   Code   RO         1729    .ARM.Collect$$libinit$$00000017  c_w.l(libinit2.o)
    0x080002d6   0x080002d6   0x00000000   Code   RO         1731    .ARM.Collect$$libinit$$00000019  c_w.l(libinit2.o)
    0x080002d6   0x080002d6   0x00000000   Code   RO         1733    .ARM.Collect$$libinit$$0000001B  c_w.l(libinit2.o)
    0x080002d6   0x080002d6   0x00000000   Code   RO         1735    .ARM.Collect$$libinit$$0000001D  c_w.l(libinit2.o)
    0x080002d6   0x080002d6   0x00000000   Code   RO         1737    .ARM.Collect$$libinit$$0000001F  c_w.l(libinit2.o)
    0x080002d6   0x080002d6   0x00000000   Code   RO         1739    .ARM.Collect$$libinit$$00000021  c_w.l(libinit2.o)
    0x080002d6   0x080002d6   0x00000000   Code   RO         1741    .ARM.Collect$$libinit$$00000023  c_w.l(libinit2.o)
    0x080002d6   0x080002d6   0x00000000   Code   RO         1743    .ARM.Collect$$libinit$$00000025  c_w.l(libinit2.o)
    0x080002d6   0x080002d6   0x00000000   Code   RO         1745    .ARM.Collect$$libinit$$00000027  c_w.l(libinit2.o)
    0x080002d6   0x080002d6   0x00000000   Code   RO         1749    .ARM.Collect$$libinit$$0000002E  c_w.l(libinit2.o)
    0x080002d6   0x080002d6   0x00000000   Code   RO         1751    .ARM.Collect$$libinit$$00000030  c_w.l(libinit2.o)
    0x080002d6   0x080002d6   0x00000000   Code   RO         1753    .ARM.Collect$$libinit$$00000032  c_w.l(libinit2.o)
    0x080002d6   0x080002d6   0x00000000   Code   RO         1755    .ARM.Collect$$libinit$$00000034  c_w.l(libinit2.o)
    0x080002d6   0x080002d6   0x00000002   Code   RO         1756    .ARM.Collect$$libinit$$00000035  c_w.l(libinit2.o)
    0x080002d8   0x080002d8   0x00000002   Code   RO         1791    .ARM.Collect$$libshutdown$$00000000  c_w.l(libshutdown.o)
    0x080002da   0x080002da   0x00000000   Code   RO         1819    .ARM.Collect$$libshutdown$$00000002  c_w.l(libshutdown2.o)
    0x080002da   0x080002da   0x00000000   Code   RO         1821    .ARM.Collect$$libshutdown$$00000004  c_w.l(libshutdown2.o)
    0x080002da   0x080002da   0x00000000   Code   RO         1824    .ARM.Collect$$libshutdown$$00000007  c_w.l(libshutdown2.o)
    0x080002da   0x080002da   0x00000000   Code   RO         1827    .ARM.Collect$$libshutdown$$0000000A  c_w.l(libshutdown2.o)
    0x080002da   0x080002da   0x00000000   Code   RO         1829    .ARM.Collect$$libshutdown$$0000000C  c_w.l(libshutdown2.o)
    0x080002da   0x080002da   0x00000000   Code   RO         1832    .ARM.Collect$$libshutdown$$0000000F  c_w.l(libshutdown2.o)
    0x080002da   0x080002da   0x00000002   Code   RO         1833    .ARM.Collect$$libshutdown$$00000010  c_w.l(libshutdown2.o)
    0x080002dc   0x080002dc   0x00000000   Code   RO         1652    .ARM.Collect$$rtentry$$00000000  c_w.l(__rtentry.o)
    0x080002dc   0x080002dc   0x00000000   Code   RO         1667    .ARM.Collect$$rtentry$$00000002  c_w.l(__rtentry2.o)
    0x080002dc   0x080002dc   0x00000006   Code   RO         1679    .ARM.Collect$$rtentry$$00000004  c_w.l(__rtentry4.o)
    0x080002e2   0x080002e2   0x00000000   Code   RO         1669    .ARM.Collect$$rtentry$$00000009  c_w.l(__rtentry2.o)
    0x080002e2   0x080002e2   0x00000004   Code   RO         1670    .ARM.Collect$$rtentry$$0000000A  c_w.l(__rtentry2.o)
    0x080002e6   0x080002e6   0x00000000   Code   RO         1672    .ARM.Collect$$rtentry$$0000000C  c_w.l(__rtentry2.o)
    0x080002e6   0x080002e6   0x00000008   Code   RO         1673    .ARM.Collect$$rtentry$$0000000D  c_w.l(__rtentry2.o)
    0x080002ee   0x080002ee   0x00000002   Code   RO         1702    .ARM.Collect$$rtexit$$00000000  c_w.l(rtexit.o)
    0x080002f0   0x080002f0   0x00000000   Code   RO         1762    .ARM.Collect$$rtexit$$00000002  c_w.l(rtexit2.o)
    0x080002f0   0x080002f0   0x00000004   Code   RO         1763    .ARM.Collect$$rtexit$$00000003  c_w.l(rtexit2.o)
    0x080002f4   0x080002f4   0x00000006   Code   RO         1764    .ARM.Collect$$rtexit$$00000004  c_w.l(rtexit2.o)
    0x080002fa   0x080002fa   0x00000002   PAD
    0x080002fc   0x080002fc   0x00000040   Code   RO            4    .text               startup_stm32g431xx.o
    0x0800033c   0x0800033c   0x000000f0   Code   RO         1609    .text               c_w.l(lludivv7m.o)
    0x0800042c   0x0800042c   0x00000028   Code   RO         1613    .text               c_w.l(noretval__2sprintf.o)
    0x08000454   0x08000454   0x0000004e   Code   RO         1617    .text               c_w.l(_printf_pad.o)
    0x080004a2   0x080004a2   0x00000052   Code   RO         1619    .text               c_w.l(_printf_str.o)
    0x080004f4   0x080004f4   0x00000078   Code   RO         1621    .text               c_w.l(_printf_dec.o)
    0x0800056c   0x0800056c   0x00000138   Code   RO         1635    .text               c_w.l(__printf_flags_wp.o)
    0x080006a4   0x080006a4   0x0000004e   Code   RO         1646    .text               c_w.l(rt_memclr_w.o)
    0x080006f2   0x080006f2   0x00000006   Code   RO         1648    .text               c_w.l(heapauxi.o)
    0x080006f8   0x080006f8   0x000000b2   Code   RO         1657    .text               c_w.l(_printf_intcommon.o)
    0x080007aa   0x080007aa   0x00000002   PAD
    0x080007ac   0x080007ac   0x00000030   Code   RO         1659    .text               c_w.l(_printf_char_common.o)
    0x080007dc   0x080007dc   0x0000000a   Code   RO         1661    .text               c_w.l(_sputc.o)
    0x080007e6   0x080007e6   0x0000002c   Code   RO         1663    .text               c_w.l(_printf_char.o)
    0x08000812   0x08000812   0x0000004a   Code   RO         1685    .text               c_w.l(sys_stackheap_outer.o)
    0x0800085c   0x0800085c   0x00000012   Code   RO         1687    .text               c_w.l(exit.o)
    0x0800086e   0x0800086e   0x00000002   PAD
    0x08000870   0x08000870   0x00000008   Code   RO         1699    .text               c_w.l(libspace.o)
    0x08000878   0x08000878   0x0000000c   Code   RO         1757    .text               c_w.l(sys_exit.o)
    0x08000884   0x08000884   0x00000002   Code   RO         1780    .text               c_w.l(use_no_semi.o)
    0x08000886   0x08000886   0x00000000   Code   RO         1782    .text               c_w.l(indicate_semi.o)
    0x08000886   0x08000886   0x00000002   PAD
    0x08000888   0x08000888   0x0000007c   Code   RO          229    .text.ADC_Disable   stm32g4xx_hal_adc.o
    0x08000904   0x08000904   0x00000002   Code   RO          192    .text.BusFault_Handler  stm32g4xx_it.o
    0x08000906   0x08000906   0x00000002   PAD
    0x08000908   0x08000908   0x00000002   Code   RO          198    .text.DebugMon_Handler  stm32g4xx_it.o
    0x0800090a   0x0800090a   0x00000002   PAD
    0x0800090c   0x0800090c   0x0000000a   Code   RO           88    .text.Error_Handler  main.o
    0x08000916   0x08000916   0x00000002   PAD
    0x08000918   0x08000918   0x000000d4   Code   RO          289    .text.HAL_ADCEx_Calibration_Start  stm32g4xx_hal_adc_ex.o
    0x080009ec   0x080009ec   0x0000039a   Code   RO          273    .text.HAL_ADC_ConfigChannel  stm32g4xx_hal_adc.o
    0x08000d86   0x08000d86   0x00000002   PAD
    0x08000d88   0x08000d88   0x00000240   Code   RO          221    .text.HAL_ADC_Init  stm32g4xx_hal_adc.o
    0x08000fc8   0x08000fc8   0x0000008a   Code   RO          114    .text.HAL_ADC_MspInit  adc.o
    0x08001052   0x08001052   0x00000002   PAD
    0x08001054   0x08001054   0x00000070   Code   RO          650    .text.HAL_DMA_Abort  stm32g4xx_hal_dma.o
    0x080010c4   0x080010c4   0x00000080   Code   RO          652    .text.HAL_DMA_Abort_IT  stm32g4xx_hal_dma.o
    0x08001144   0x08001144   0x00000028   Code   RO          372    .text.HAL_Delay     stm32g4xx_hal.o
    0x0800116c   0x0800116c   0x0000019e   Code   RO          592    .text.HAL_GPIO_Init  stm32g4xx_hal_gpio.o
    0x0800130a   0x0800130a   0x00000002   PAD
    0x0800130c   0x0800130c   0x0000000a   Code   RO          596    .text.HAL_GPIO_ReadPin  stm32g4xx_hal_gpio.o
    0x08001316   0x08001316   0x00000002   PAD
    0x08001318   0x08001318   0x0000000c   Code   RO          598    .text.HAL_GPIO_WritePin  stm32g4xx_hal_gpio.o
    0x08001324   0x08001324   0x0000000c   Code   RO          364    .text.HAL_GetTick   stm32g4xx_hal.o
    0x08001330   0x08001330   0x0000004a   Code   RO         1014    .text.HAL_I2CEx_ConfigAnalogFilter  stm32g4xx_hal_i2c_ex.o
    0x0800137a   0x0800137a   0x00000002   PAD
    0x0800137c   0x0800137c   0x00000048   Code   RO         1016    .text.HAL_I2CEx_ConfigDigitalFilter  stm32g4xx_hal_i2c_ex.o
    0x080013c4   0x080013c4   0x000000ae   Code   RO          860    .text.HAL_I2C_Init  stm32g4xx_hal_i2c.o
    0x08001472   0x08001472   0x00000002   PAD
    0x08001474   0x08001474   0x000000ba   Code   RO          129    .text.HAL_I2C_MspInit  i2c.o
    0x0800152e   0x0800152e   0x00000002   PAD
    0x08001530   0x08001530   0x0000001a   Code   RO          362    .text.HAL_IncTick   stm32g4xx_hal.o
    0x0800154a   0x0800154a   0x00000002   PAD
    0x0800154c   0x0800154c   0x0000001e   Code   RO          352    .text.HAL_Init      stm32g4xx_hal.o
    0x0800156a   0x0800156a   0x00000002   PAD
    0x0800156c   0x0800156c   0x0000004c   Code   RO          354    .text.HAL_InitTick  stm32g4xx_hal.o
    0x080015b8   0x080015b8   0x00000034   Code   RO          213    .text.HAL_MspInit   stm32g4xx_hal_msp.o
    0x080015ec   0x080015ec   0x00000022   Code   RO          818    .text.HAL_NVIC_EnableIRQ  stm32g4xx_hal_cortex.o
    0x0800160e   0x0800160e   0x00000002   PAD
    0x08001610   0x08001610   0x00000056   Code   RO          816    .text.HAL_NVIC_SetPriority  stm32g4xx_hal_cortex.o
    0x08001666   0x08001666   0x00000002   PAD
    0x08001668   0x08001668   0x00000020   Code   RO          814    .text.HAL_NVIC_SetPriorityGrouping  stm32g4xx_hal_cortex.o
    0x08001688   0x08001688   0x00000126   Code   RO          734    .text.HAL_PWREx_ControlVoltageScaling  stm32g4xx_hal_pwr_ex.o
    0x080017ae   0x080017ae   0x00000002   PAD
    0x080017b0   0x080017b0   0x00000012   Code   RO          804    .text.HAL_PWREx_DisableUCPDDeadBattery  stm32g4xx_hal_pwr_ex.o
    0x080017c2   0x080017c2   0x00000002   PAD
    0x080017c4   0x080017c4   0x0000026a   Code   RO          476    .text.HAL_RCCEx_PeriphCLKConfig  stm32g4xx_hal_rcc_ex.o
    0x08001a2e   0x08001a2e   0x00000002   PAD
    0x08001a30   0x08001a30   0x0000030c   Code   RO          442    .text.HAL_RCC_ClockConfig  stm32g4xx_hal_rcc.o
    0x08001d3c   0x08001d3c   0x0000002a   Code   RO          450    .text.HAL_RCC_GetPCLK1Freq  stm32g4xx_hal_rcc.o
    0x08001d66   0x08001d66   0x00000002   PAD
    0x08001d68   0x08001d68   0x0000002a   Code   RO          452    .text.HAL_RCC_GetPCLK2Freq  stm32g4xx_hal_rcc.o
    0x08001d92   0x08001d92   0x00000002   PAD
    0x08001d94   0x08001d94   0x00000082   Code   RO          444    .text.HAL_RCC_GetSysClockFreq  stm32g4xx_hal_rcc.o
    0x08001e16   0x08001e16   0x00000002   PAD
    0x08001e18   0x08001e18   0x000004d2   Code   RO          440    .text.HAL_RCC_OscConfig  stm32g4xx_hal_rcc.o
    0x080022ea   0x080022ea   0x00000002   PAD
    0x080022ec   0x080022ec   0x0000002c   Code   RO          826    .text.HAL_SYSTICK_Config  stm32g4xx_hal_cortex.o
    0x08002318   0x08002318   0x000000ce   Code   RO         1331    .text.HAL_TIMEx_ConfigBreakDeadTime  stm32g4xx_hal_tim_ex.o
    0x080023e6   0x080023e6   0x00000002   PAD
    0x080023e8   0x080023e8   0x000000a6   Code   RO         1329    .text.HAL_TIMEx_MasterConfigSynchronization  stm32g4xx_hal_tim_ex.o
    0x0800248e   0x0800248e   0x00000002   PAD
    0x08002490   0x08002490   0x000003da   Code   RO         1188    .text.HAL_TIM_PWM_ConfigChannel  stm32g4xx_hal_tim.o
    0x0800286a   0x0800286a   0x00000002   PAD
    0x0800286c   0x0800286c   0x00000062   Code   RO         1088    .text.HAL_TIM_PWM_Init  stm32g4xx_hal_tim.o
    0x080028ce   0x080028ce   0x00000002   PAD
    0x080028d0   0x080028d0   0x0000005a   Code   RO          152    .text.HAL_TIM_PWM_MspInit  tim.o
    0x0800292a   0x0800292a   0x00000002   PAD
    0x0800292c   0x0800292c   0x00000036   Code   RO         1570    .text.HAL_UARTEx_DisableFifoMode  stm32g4xx_hal_uart_ex.o
    0x08002962   0x08002962   0x00000002   PAD
    0x08002964   0x08002964   0x00000002   Code   RO         1498    .text.HAL_UARTEx_RxEventCallback  stm32g4xx_hal_uart.o
    0x08002966   0x08002966   0x00000002   PAD
    0x08002968   0x08002968   0x00000002   Code   RO         1556    .text.HAL_UARTEx_RxFifoFullCallback  stm32g4xx_hal_uart_ex.o
    0x0800296a   0x0800296a   0x00000002   PAD
    0x0800296c   0x0800296c   0x00000090   Code   RO         1574    .text.HAL_UARTEx_SetRxFifoThreshold  stm32g4xx_hal_uart_ex.o
    0x080029fc   0x080029fc   0x00000090   Code   RO         1572    .text.HAL_UARTEx_SetTxFifoThreshold  stm32g4xx_hal_uart_ex.o
    0x08002a8c   0x08002a8c   0x00000002   Code   RO         1558    .text.HAL_UARTEx_TxFifoEmptyCallback  stm32g4xx_hal_uart_ex.o
    0x08002a8e   0x08002a8e   0x00000002   PAD
    0x08002a90   0x08002a90   0x00000002   Code   RO         1554    .text.HAL_UARTEx_WakeupCallback  stm32g4xx_hal_uart_ex.o
    0x08002a92   0x08002a92   0x00000002   PAD
    0x08002a94   0x08002a94   0x00000002   Code   RO         1496    .text.HAL_UART_ErrorCallback  stm32g4xx_hal_uart.o
    0x08002a96   0x08002a96   0x00000002   PAD
    0x08002a98   0x08002a98   0x00000634   Code   RO         1492    .text.HAL_UART_IRQHandler  stm32g4xx_hal_uart.o
    0x080030cc   0x080030cc   0x00000064   Code   RO         1408    .text.HAL_UART_Init  stm32g4xx_hal_uart.o
    0x08003130   0x08003130   0x00000096   Code   RO          168    .text.HAL_UART_MspInit  usart.o
    0x080031c6   0x080031c6   0x00000002   PAD
    0x080031c8   0x080031c8   0x000000d2   Code   RO         1432    .text.HAL_UART_Receive  stm32g4xx_hal_uart.o
    0x0800329a   0x0800329a   0x00000002   PAD
    0x0800329c   0x0800329c   0x00000194   Code   RO         1428    .text.HAL_UART_Transmit  stm32g4xx_hal_uart.o
    0x08003430   0x08003430   0x00000002   Code   RO         1500    .text.HAL_UART_TxCpltCallback  stm32g4xx_hal_uart.o
    0x08003432   0x08003432   0x00000002   PAD
    0x08003434   0x08003434   0x00000002   Code   RO          188    .text.HardFault_Handler  stm32g4xx_it.o
    0x08003436   0x08003436   0x00000002   PAD
    0x08003438   0x08003438   0x00000090   Code   RO          112    .text.MX_ADC2_Init  adc.o
    0x080034c8   0x080034c8   0x00000128   Code   RO          102    .text.MX_GPIO_Init  gpio.o
    0x080035f0   0x080035f0   0x0000006c   Code   RO          127    .text.MX_I2C1_Init  i2c.o
    0x0800365c   0x0800365c   0x00000142   Code   RO          146    .text.MX_TIM1_Init  tim.o
    0x0800379e   0x0800379e   0x00000002   PAD
    0x080037a0   0x080037a0   0x000000ee   Code   RO          150    .text.MX_TIM3_Init  tim.o
    0x0800388e   0x0800388e   0x00000002   PAD
    0x08003890   0x08003890   0x0000008a   Code   RO          166    .text.MX_USART1_UART_Init  usart.o
    0x0800391a   0x0800391a   0x00000002   PAD
    0x0800391c   0x0800391c   0x00000002   Code   RO          190    .text.MemManage_Handler  stm32g4xx_it.o
    0x0800391e   0x0800391e   0x00000002   PAD
    0x08003920   0x08003920   0x00000002   Code   RO          186    .text.NMI_Handler   stm32g4xx_it.o
    0x08003922   0x08003922   0x00000002   PAD
    0x08003924   0x08003924   0x00000002   Code   RO          200    .text.PendSV_Handler  stm32g4xx_it.o
    0x08003926   0x08003926   0x00000002   PAD
    0x08003928   0x08003928   0x00000002   Code   RO          196    .text.SVC_Handler   stm32g4xx_it.o
    0x0800392a   0x0800392a   0x00000002   PAD
    0x0800392c   0x0800392c   0x00000016   Code   RO          202    .text.SysTick_Handler  stm32g4xx_it.o
    0x08003942   0x08003942   0x00000002   PAD
    0x08003944   0x08003944   0x00000012   Code   RO         1593    .text.SystemInit    system_stm32g4xx.o
    0x08003956   0x08003956   0x00000002   PAD
    0x08003958   0x08003958   0x00000122   Code   RO         1038    .text.TIM_Base_SetConfig  stm32g4xx_hal_tim.o
    0x08003a7a   0x08003a7a   0x00000002   PAD
    0x08003a7c   0x08003a7c   0x000000ea   Code   RO         1412    .text.UART_AdvFeatureConfig  stm32g4xx_hal_uart.o
    0x08003b66   0x08003b66   0x00000002   PAD
    0x08003b68   0x08003b68   0x0000016e   Code   RO         1416    .text.UART_CheckIdleState  stm32g4xx_hal_uart.o
    0x08003cd6   0x08003cd6   0x00000002   PAD
    0x08003cd8   0x08003cd8   0x00000010   Code   RO         1494    .text.UART_DMAAbortOnError  stm32g4xx_hal_uart.o
    0x08003ce8   0x08003ce8   0x00000298   Code   RO         1414    .text.UART_SetConfig  stm32g4xx_hal_uart.o
    0x08003f80   0x08003f80   0x00000336   Code   RO         1430    .text.UART_WaitOnFlagUntilTimeout  stm32g4xx_hal_uart.o
    0x080042b6   0x080042b6   0x00000002   PAD
    0x080042b8   0x080042b8   0x0000000c   Code   RO          204    .text.USART1_IRQHandler  stm32g4xx_it.o
    0x080042c4   0x080042c4   0x00000002   Code   RO          194    .text.UsageFault_Handler  stm32g4xx_it.o
    0x080042c6   0x080042c6   0x00000002   PAD
    0x080042c8   0x080042c8   0x000000ac   Code   RO           17    .text.lcdClearScreen  lcd.o
    0x08004374   0x08004374   0x00000050   Code   RO           23    .text.lcdDisplayLine  lcd.o
    0x080043c4   0x080043c4   0x000000f2   Code   RO           27    .text.lcdDrawChar   lcd.o
    0x080044b6   0x080044b6   0x00000002   PAD
    0x080044b8   0x080044b8   0x00000056   Code   RO           13    .text.lcdInit       lcd.o
    0x0800450e   0x0800450e   0x00000002   PAD
    0x08004510   0x08004510   0x00000096   Code   RO           15    .text.lcdWriteValue  lcd.o
    0x080045a6   0x080045a6   0x00000002   PAD
    0x080045a8   0x080045a8   0x000001f6   Code   RO           84    .text.main          main.o
    0x0800479e   0x0800479e   0x00000002   PAD
    0x080047a0   0x080047a0   0x0000001c   Code   RO          172    .text.usartReceive  usart.o
    0x080047bc   0x080047bc   0x0000005e   Code   RO          174    .text.usartSend     usart.o
    0x0800481a   0x0800481a   0x0000000e   Code   RO         1633    i._is_digit         c_w.l(__printf_wp.o)
    0x08004828   0x08004828   0x0000001a   Code   RO         1774    x$fpl$fpinit        fz_wm.l(fpinit.o)
    0x08004842   0x08004842   0x00000011   Data   RO         1636    .constdata          c_w.l(__printf_flags_wp.o)
    0x08004853   0x08004853   0x00000010   Data   RO         1598    .rodata.AHBPrescTable  system_stm32g4xx.o
    0x08004863   0x08004863   0x00000008   Data   RO         1599    .rodata.APBPrescTable  system_stm32g4xx.o
    0x0800486b   0x0800486b   0x00000001   PAD
    0x0800486c   0x0800486c   0x00000018   Data   RO         1542    .rodata.UARTPrescTable  stm32g4xx_hal_uart.o
    0x08004884   0x08004884   0x00000010   Data   RO         1543    .rodata.cst16       stm32g4xx_hal_uart.o
    0x08004894   0x08004894   0x00000010   Data   RO         1584    .rodata.cst8        stm32g4xx_hal_uart_ex.o
    0x080048a4   0x080048a4   0x00000022   Data   RO           91    .rodata.str1.1      main.o
    0x080048c6   0x080048c6   0x00000005   Data   RO          177    .rodata.str1.1      usart.o
    0x080048cb   0x080048cb   0x00000001   PAD
    0x080048cc   0x080048cc   0x00000020   Data   RO         1835    Region$$Table       anon$$obj.o


    Execution Region RW_IRAM1 (Exec base: 0x20000000, Load base: 0x080048f0, Size: 0x00001a68, Max: 0x00008000, ABSOLUTE, COMPRESSED[0x00000688])

    Exec Addr    Load Addr    Size         Type   Attr      Idx    E Section Name        Object

    0x20000000   COMPRESSED   0x00000008   Data   RW          429    .data..L_MergedGlobals  stm32g4xx_hal.o
    0x20000008   COMPRESSED   0x000011d0   Data   RW           29    .data.ASCII_Table   lcd.o
    0x200011d8   COMPRESSED   0x00000004   Data   RW         1597    .data.SystemCoreClock  system_stm32g4xx.o
    0x200011dc   COMPRESSED   0x00000002   Data   RW           31    .data.textColor     lcd.o
    0x200011de   COMPRESSED   0x00000002   PAD
    0x200011e0        -       0x00000060   Zero   RW         1700    .bss                c_w.l(libspace.o)
    0x20001240        -       0x00000030   Zero   RW           93    .bss..L_MergedGlobals  main.o
    0x20001270        -       0x00000002   Zero   RW           30    .bss.backColor      lcd.o
    0x20001272   COMPRESSED   0x00000002   PAD
    0x20001274        -       0x0000006c   Zero   RW          118    .bss.hadc2          adc.o
    0x200012e0        -       0x00000054   Zero   RW          137    .bss.hi2c1          i2c.o
    0x20001334        -       0x0000004c   Zero   RW          156    .bss.htim1          tim.o
    0x20001380        -       0x0000004c   Zero   RW          157    .bss.htim3          tim.o
    0x200013cc        -       0x00000094   Zero   RW          176    .bss.huart1         usart.o
    0x20001460        -       0x00000004   Zero   RW          428    .bss.uwTick         stm32g4xx_hal.o
    0x20001464   COMPRESSED   0x00000004   PAD
    0x20001468        -       0x00000200   Zero   RW            2    HEAP                startup_stm32g431xx.o
    0x20001668        -       0x00000400   Zero   RW            1    STACK               startup_stm32g431xx.o


==============================================================================

Image component sizes


      Code (inc. data)   RO Data    RW Data    ZI Data      Debug   Object Name

       282          0          0          0        108       7491   adc.o
       296          0          0          0          0       2725   gpio.o
       294          0          0          0         84       7378   i2c.o
       730          0          0       4562          2       4466   lcd.o
       512          0         34          0         48       5380   main.o
        64         26        472          0       1536        832   startup_stm32g431xx.o
       184          0          0          8          4       8850   stm32g4xx_hal.o
      1622          0          0          0          0      28387   stm32g4xx_hal_adc.o
       212          0          0          0          0      22750   stm32g4xx_hal_adc_ex.o
       196          0          0          0          0      10166   stm32g4xx_hal_cortex.o
       240          0          0          0          0       9367   stm32g4xx_hal_dma.o
       436          0          0          0          0       5222   stm32g4xx_hal_gpio.o
       174          0          0          0          0      59476   stm32g4xx_hal_i2c.o
       146          0          0          0          0       6528   stm32g4xx_hal_i2c_ex.o
        52          0          0          0          0       1729   stm32g4xx_hal_msp.o
       312          0          0          0          0       9595   stm32g4xx_hal_pwr_ex.o
      2228          0          0          0          0       9932   stm32g4xx_hal_rcc.o
       618          0          0          0          0      10746   stm32g4xx_hal_rcc_ex.o
      1374         14          0          0          0      61770   stm32g4xx_hal_tim.o
       372          0          0          0          0      29788   stm32g4xx_hal_tim_ex.o
      4410         48         40          0          0      41922   stm32g4xx_hal_uart.o
       348          0         16          0          0      11377   stm32g4xx_hal_uart_ex.o
        50          0          0          0          0       4688   stm32g4xx_it.o
        18          0         24          4          0       2734   system_stm32g4xx.o
       650          0          0          0        152       9368   tim.o
       410          0          5          0        148       9174   usart.o

    ----------------------------------------------------------------------
     16338         88        625       4576       2088     381841   Object Totals
         0          0         32          0          0          0   (incl. Generated)
       108          0          2          2          6          0   (incl. Padding)

    ----------------------------------------------------------------------

      Code (inc. data)   RO Data    RW Data    ZI Data      Debug   Library Member Name

       100          0          0          0          0          0   __dclz77c.o
         8          0          0          0          0         68   __main.o
       312          4         17          0          0         92   __printf_flags_wp.o
        14          0          0          0          0         68   __printf_wp.o
         0          0          0          0          0          0   __rtentry.o
        12          0          0          0          0          0   __rtentry2.o
         6          0          0          0          0          0   __rtentry4.o
        94          8          0          0          0          0   __scatter.o
        28          0          0          0          0          0   __scatter_zi.o
        44          0          0          0          0        108   _printf_char.o
        48          6          0          0          0         96   _printf_char_common.o
       120         16          0          0          0         92   _printf_dec.o
       178          0          0          0          0         88   _printf_intcommon.o
        78          0          0          0          0        108   _printf_pad.o
         0          0          0          0          0          0   _printf_percent.o
         4          0          0          0          0          0   _printf_percent_end.o
         6          0          0          0          0          0   _printf_s.o
        82          0          0          0          0         80   _printf_str.o
         6          0          0          0          0          0   _printf_u.o
        10          0          0          0          0         68   _sputc.o
        18          0          0          0          0         80   exit.o
         6          0          0          0          0        152   heapauxi.o
         0          0          0          0          0          0   indicate_semi.o
         2          0          0          0          0          0   libinit.o
         6          0          0          0          0          0   libinit2.o
         2          0          0          0          0          0   libshutdown.o
         2          0          0          0          0          0   libshutdown2.o
         8          4          0          0         96         68   libspace.o
       240          0          0          0          0        100   lludivv7m.o
        40          6          0          0          0         84   noretval__2sprintf.o
        78          0          0          0          0         80   rt_memclr_w.o
         2          0          0          0          0          0   rtexit.o
        10          0          0          0          0          0   rtexit2.o
        12          4          0          0          0         68   sys_exit.o
        74          0          0          0          0         80   sys_stackheap_outer.o
         2          0          0          0          0         68   use_no_semi.o
        26          0          0          0          0        116   fpinit.o

    ----------------------------------------------------------------------
      1688         48         17          0         96       1764   Library Totals
        10          0          0          0          0          0   (incl. Padding)

    ----------------------------------------------------------------------

      Code (inc. data)   RO Data    RW Data    ZI Data      Debug   Library Name

      1652         48         17          0         96       1648   c_w.l
        26          0          0          0          0        116   fz_wm.l

    ----------------------------------------------------------------------
      1688         48         17          0         96       1764   Library Totals

    ----------------------------------------------------------------------

==============================================================================


      Code (inc. data)   RO Data    RW Data    ZI Data      Debug   

     18026        136        642       4576       2184     382413   Grand Totals
     18026        136        642       1672       2184     382413   ELF Image Totals (compressed)
     18026        136        642       1672          0          0   ROM Totals

==============================================================================

    Total RO  Size (Code + RO Data)                18668 (  18.23kB)
    Total RW  Size (RW Data + ZI Data)              6760 (   6.60kB)
    Total ROM Size (Code + RO Data + RW Data)      20340 (  19.86kB)

==============================================================================

